Archive member included to satisfy reference by file (symbol)

C:/ST/STM32CubeIDE_1.17.0/STM32CubeIDE/plugins/com.st.stm32cube.ide.mcu.externaltools.gnu-tools-for-stm32.12.3.rel1.win32_1.1.0.202410251130/tools/bin/../lib/gcc/arm-none-eabi/12.3.1/../../../../arm-none-eabi/lib/thumb/v7e-m+fp/hard\libc_nano.a(libc_a-exit.o)
                              C:/ST/STM32CubeIDE_1.17.0/STM32CubeIDE/plugins/com.st.stm32cube.ide.mcu.externaltools.gnu-tools-for-stm32.12.3.rel1.win32_1.1.0.202410251130/tools/bin/../lib/gcc/arm-none-eabi/12.3.1/../../../../arm-none-eabi/lib/thumb/v7e-m+fp/hard/crt0.o (exit)
C:/ST/STM32CubeIDE_1.17.0/STM32CubeIDE/plugins/com.st.stm32cube.ide.mcu.externaltools.gnu-tools-for-stm32.12.3.rel1.win32_1.1.0.202410251130/tools/bin/../lib/gcc/arm-none-eabi/12.3.1/../../../../arm-none-eabi/lib/thumb/v7e-m+fp/hard\libc_nano.a(libc_a-nano-vfprintf_float.o)
                              (_printf_float)
C:/ST/STM32CubeIDE_1.17.0/STM32CubeIDE/plugins/com.st.stm32cube.ide.mcu.externaltools.gnu-tools-for-stm32.12.3.rel1.win32_1.1.0.202410251130/tools/bin/../lib/gcc/arm-none-eabi/12.3.1/../../../../arm-none-eabi/lib/thumb/v7e-m+fp/hard\libc_nano.a(libc_a-nano-vfprintf_i.o)
                              C:/ST/STM32CubeIDE_1.17.0/STM32CubeIDE/plugins/com.st.stm32cube.ide.mcu.externaltools.gnu-tools-for-stm32.12.3.rel1.win32_1.1.0.202410251130/tools/bin/../lib/gcc/arm-none-eabi/12.3.1/../../../../arm-none-eabi/lib/thumb/v7e-m+fp/hard\libc_nano.a(libc_a-nano-vfprintf_float.o) (_printf_common)
C:/ST/STM32CubeIDE_1.17.0/STM32CubeIDE/plugins/com.st.stm32cube.ide.mcu.externaltools.gnu-tools-for-stm32.12.3.rel1.win32_1.1.0.202410251130/tools/bin/../lib/gcc/arm-none-eabi/12.3.1/../../../../arm-none-eabi/lib/thumb/v7e-m+fp/hard\libc_nano.a(libc_a-findfp.o)
                              ./Middlewares/Third_Party/FreeRTOS/Source/tasks.o (__sf)
C:/ST/STM32CubeIDE_1.17.0/STM32CubeIDE/plugins/com.st.stm32cube.ide.mcu.externaltools.gnu-tools-for-stm32.12.3.rel1.win32_1.1.0.202410251130/tools/bin/../lib/gcc/arm-none-eabi/12.3.1/../../../../arm-none-eabi/lib/thumb/v7e-m+fp/hard\libc_nano.a(libc_a-fwalk.o)
                              C:/ST/STM32CubeIDE_1.17.0/STM32CubeIDE/plugins/com.st.stm32cube.ide.mcu.externaltools.gnu-tools-for-stm32.12.3.rel1.win32_1.1.0.202410251130/tools/bin/../lib/gcc/arm-none-eabi/12.3.1/../../../../arm-none-eabi/lib/thumb/v7e-m+fp/hard\libc_nano.a(libc_a-findfp.o) (_fwalk_sglue)
C:/ST/STM32CubeIDE_1.17.0/STM32CubeIDE/plugins/com.st.stm32cube.ide.mcu.externaltools.gnu-tools-for-stm32.12.3.rel1.win32_1.1.0.202410251130/tools/bin/../lib/gcc/arm-none-eabi/12.3.1/../../../../arm-none-eabi/lib/thumb/v7e-m+fp/hard\libc_nano.a(libc_a-snprintf.o)
                              ./Core/Src/main.o (snprintf)
C:/ST/STM32CubeIDE_1.17.0/STM32CubeIDE/plugins/com.st.stm32cube.ide.mcu.externaltools.gnu-tools-for-stm32.12.3.rel1.win32_1.1.0.202410251130/tools/bin/../lib/gcc/arm-none-eabi/12.3.1/../../../../arm-none-eabi/lib/thumb/v7e-m+fp/hard\libc_nano.a(libc_a-stdio.o)
                              C:/ST/STM32CubeIDE_1.17.0/STM32CubeIDE/plugins/com.st.stm32cube.ide.mcu.externaltools.gnu-tools-for-stm32.12.3.rel1.win32_1.1.0.202410251130/tools/bin/../lib/gcc/arm-none-eabi/12.3.1/../../../../arm-none-eabi/lib/thumb/v7e-m+fp/hard\libc_nano.a(libc_a-findfp.o) (__sread)
C:/ST/STM32CubeIDE_1.17.0/STM32CubeIDE/plugins/com.st.stm32cube.ide.mcu.externaltools.gnu-tools-for-stm32.12.3.rel1.win32_1.1.0.202410251130/tools/bin/../lib/gcc/arm-none-eabi/12.3.1/../../../../arm-none-eabi/lib/thumb/v7e-m+fp/hard\libc_nano.a(libc_a-memset.o)
                              C:/ST/STM32CubeIDE_1.17.0/STM32CubeIDE/plugins/com.st.stm32cube.ide.mcu.externaltools.gnu-tools-for-stm32.12.3.rel1.win32_1.1.0.202410251130/tools/bin/../lib/gcc/arm-none-eabi/12.3.1/../../../../arm-none-eabi/lib/thumb/v7e-m+fp/hard/crt0.o (memset)
C:/ST/STM32CubeIDE_1.17.0/STM32CubeIDE/plugins/com.st.stm32cube.ide.mcu.externaltools.gnu-tools-for-stm32.12.3.rel1.win32_1.1.0.202410251130/tools/bin/../lib/gcc/arm-none-eabi/12.3.1/../../../../arm-none-eabi/lib/thumb/v7e-m+fp/hard\libc_nano.a(libc_a-localeconv.o)
                              C:/ST/STM32CubeIDE_1.17.0/STM32CubeIDE/plugins/com.st.stm32cube.ide.mcu.externaltools.gnu-tools-for-stm32.12.3.rel1.win32_1.1.0.202410251130/tools/bin/../lib/gcc/arm-none-eabi/12.3.1/../../../../arm-none-eabi/lib/thumb/v7e-m+fp/hard\libc_nano.a(libc_a-nano-vfprintf_float.o) (_localeconv_r)
C:/ST/STM32CubeIDE_1.17.0/STM32CubeIDE/plugins/com.st.stm32cube.ide.mcu.externaltools.gnu-tools-for-stm32.12.3.rel1.win32_1.1.0.202410251130/tools/bin/../lib/gcc/arm-none-eabi/12.3.1/../../../../arm-none-eabi/lib/thumb/v7e-m+fp/hard\libc_nano.a(libc_a-closer.o)
[...]
Memory Configuration

Name             Origin             Length             Attributes
CCMRAM           0x10000000         0x00010000         xrw
RAM              0x20000000         0x00020000         xrw
FLASH            0x08000000         0x00100000         xr
*default*        0x00000000         0xffffffff

Linker script and memory map

LOAD C:/ST/STM32CubeIDE_1.17.0/STM32CubeIDE/plugins/com.st.stm32cube.ide.mcu.externaltools.gnu-tools-for-stm32.12.3.rel1.win32_1.1.0.202410251130/tools/bin/../lib/gcc/arm-none-eabi/12.3.1/thumb/v7e-m+fp/hard/crti.o
LOAD C:/ST/STM32CubeIDE_1.17.0/STM32CubeIDE/plugins/com.st.stm32cube.ide.mcu.externaltools.gnu-tools-for-stm32.12.3.rel1.win32_1.1.0.202410251130/tools/bin/../lib/gcc/arm-none-eabi/12.3.1/thumb/v7e-m+fp/hard/crtbegin.o
LOAD C:/ST/STM32CubeIDE_1.17.0/STM32CubeIDE/plugins/com.st.stm32cube.ide.mcu.externaltools.gnu-tools-for-stm32.12.3.rel1.win32_1.1.0.202410251130/tools/bin/../lib/gcc/arm-none-eabi/12.3.1/../../../../arm-none-eabi/lib/thumb/v7e-m+fp/hard/crt0.o
LOAD ./Core/Src/BME280_STM32.o
LOAD ./Core/Src/freertos.o
LOAD ./Core/Src/main.o
LOAD ./Core/Src/stm32f4xx_hal_msp.o
LOAD ./Core/Src/stm32f4xx_hal_timebase_tim.o
LOAD ./Core/Src/stm32f4xx_it.o
LOAD ./Core/Src/syscalls.o
LOAD ./Core/Src/sysmem.o
LOAD ./Core/Src/system_stm32f4xx.o
LOAD ./Core/Startup/startup_stm32f407vgtx.o
LOAD ./Drivers/STM32F4xx_HAL_Driver/Src/stm32f4xx_hal.o
LOAD ./Drivers/STM32F4xx_HAL_Driver/Src/stm32f4xx_hal_adc.o
LOAD ./Drivers/STM32F4xx_HAL_Driver/Src/stm32f4xx_hal_adc_ex.o
LOAD ./Drivers/STM32F4xx_HAL_Driver/Src/stm32f4xx_hal_cortex.o
LOAD ./Drivers/STM32F4xx_HAL_Driver/Src/stm32f4xx_hal_dma.o
LOAD ./Drivers/STM32F4xx_HAL_Driver/Src/stm32f4xx_hal_dma_ex.o
LOAD ./Drivers/STM32F4xx_HAL_Driver/Src/stm32f4xx_hal_exti.o
LOAD ./Drivers/STM32F4xx_HAL_Driver/Src/stm32f4xx_hal_flash.o
LOAD ./Drivers/STM32F4xx_HAL_Driver/Src/stm32f4xx_hal_flash_ex.o
LOAD ./Drivers/STM32F4xx_HAL_Driver/Src/stm32f4xx_hal_flash_ramfunc.o
LOAD ./Drivers/STM32F4xx_HAL_Driver/Src/stm32f4xx_hal_gpio.o
LOAD ./Drivers/STM32F4xx_HAL_Driver/Src/stm32f4xx_hal_i2c.o
LOAD ./Drivers/STM32F4xx_HAL_Driver/Src/stm32f4xx_hal_i2c_ex.o
LOAD ./Drivers/STM32F4xx_HAL_Driver/Src/stm32f4xx_hal_pwr.o
LOAD ./Drivers/STM32F4xx_HAL_Driver/Src/stm32f4xx_hal_pwr_ex.o
LOAD ./Drivers/STM32F4xx_HAL_Driver/Src/stm32f4xx_hal_rcc.o
LOAD ./Drivers/STM32F4xx_HAL_Driver/Src/stm32f4xx_hal_rcc_ex.o
LOAD ./Drivers/STM32F4xx_HAL_Driver/Src/stm32f4xx_hal_tim.o
LOAD ./Drivers/STM32F4xx_HAL_Driver/Src/stm32f4xx_hal_tim_ex.o
LOAD ./Drivers/STM32F4xx_HAL_Driver/Src/stm32f4xx_hal_uart.o
LOAD ./Drivers/STM32F4xx_HAL_Driver/Src/stm32f4xx_ll_adc.o
LOAD ./Middlewares/Third_Party/FreeRTOS/Source/CMSIS_RTOS_V2/cmsis_os2.o
LOAD ./Middlewares/Third_Party/FreeRTOS/Source/croutine.o
LOAD ./Middlewares/Third_Party/FreeRTOS/Source/event_groups.o
LOAD ./Middlewares/Third_Party/FreeRTOS/Source/list.o
LOAD ./Middlewares/Third_Party/FreeRTOS/Source/queue.o
LOAD ./Middlewares/Third_Party/FreeRTOS/Source/stream_buffer.o
LOAD ./Middlewares/Third_Party/FreeRTOS/Source/tasks.o
LOAD ./Middlewares/Third_Party/FreeRTOS/Source/timers.o
LOAD ./Middlewares/Third_Party/FreeRTOS/Source/portable/GCC/ARM_CM4F/port.o
LOAD ./Middlewares/Third_Party/FreeRTOS/Source/portable/MemMang/heap_4.o
START GROUP
LOAD C:/ST/STM32CubeIDE_1.17.0/STM32CubeIDE/plugins/com.st.stm32cube.ide.mcu.externaltools.gnu-tools-for-stm32.12.3.rel1.win32_1.1.0.202410251130/tools/bin/../lib/gcc/arm-none-eabi/12.3.1/../../../../arm-none-eabi/lib/thumb/v7e-m+fp/hard\libc_nano.a
LOAD C:/ST/STM32CubeIDE_1.17.0/STM32CubeIDE/plugins/com.st.stm32cube.ide.mcu.externaltools.gnu-tools-for-stm32.12.3.rel1.win32_1.1.0.202410251130/tools/bin/../lib/gcc/arm-none-eabi/12.3.1/../../../../arm-none-eabi/lib/thumb/v7e-m+fp/hard\libm.a
END GROUP
START GROUP
LOAD C:/ST/STM32CubeIDE_1.17.0/STM32CubeIDE/plugins/com.st.stm32cube.ide.mcu.externaltools.gnu-tools-for-stm32.12.3.rel1.win32_1.1.0.202410251130/tools/bin/../lib/gcc/arm-none-eabi/12.3.1/thumb/v7e-m+fp/hard\libgcc.a
LOAD C:/ST/STM32CubeIDE_1.17.0/STM32CubeIDE/plugins/com.st.stm32cube.ide.mcu.externaltools.gnu-tools-for-stm32.12.3.rel1.win32_1.1.0.202410251130/tools/bin/../lib/gcc/arm-none-eabi/12.3.1/../../../../arm-none-eabi/lib/thumb/v7e-m+fp/hard\libc_nano.a
END GROUP
START GROUP
LOAD C:/ST/STM32CubeIDE_1.17.0/STM32CubeIDE/plugins/com.st.stm32cube.ide.mcu.externaltools.gnu-tools-for-stm32.12.3.rel1.win32_1.1.0.202410251130/tools/bin/../lib/gcc/arm-none-eabi/12.3.1/thumb/v7e-m+fp/hard\libgcc.a
LOAD C:/ST/STM32CubeIDE_1.17.0/STM32CubeIDE/plugins/com.st.stm32cube.ide.mcu.externaltools.gnu-tools-for-stm32.12.3.rel1.win32_1.1.0.202410251130/tools/bin/../lib/gcc/arm-none-eabi/12.3.1/../../../../arm-none-eabi/lib/thumb/v7e-m+fp/hard\libc_nano.a
LOAD C:/ST/STM32CubeIDE_1.17.0/STM32CubeIDE/plugins/com.st.stm32cube.ide.mcu.externaltools.gnu-tools-for-stm32.12.3.rel1.win32_1.1.0.202410251130/tools/bin/../lib/gcc/arm-none-eabi/12.3.1/../../../../arm-none-eabi/lib/thumb/v7e-m+fp/hard\libnosys.a
END GROUP
START GROUP
LOAD C:/ST/STM32CubeIDE_1.17.0/STM32CubeIDE/plugins/com.st.stm32cube.ide.mcu.externaltools.gnu-tools-for-stm32.12.3.rel1.win32_1.1.0.202410251130/tools/bin/../lib/gcc/arm-none-eabi/12.3.1/thumb/v7e-m+fp/hard\libgcc.a
LOAD C:/ST/STM32CubeIDE_1.17.0/STM32CubeIDE/plugins/com.st.stm32cube.ide.mcu.externaltools.gnu-tools-for-stm32.12.3.rel1.win32_1.1.0.202410251130/tools/bin/../lib/gcc/arm-none-eabi/12.3.1/../../../../arm-none-eabi/lib/thumb/v7e-m+fp/hard\libc_nano.a
LOAD C:/ST/STM32CubeIDE_1.17.0/STM32CubeIDE/plugins/com.st.stm32cube.ide.mcu.externaltools.gnu-tools-for-stm32.12.3.rel1.win32_1.1.0.202410251130/tools/bin/../lib/gcc/arm-none-eabi/12.3.1/../../../../arm-none-eabi/lib/thumb/v7e-m+fp/hard\libnosys.a
END GROUP
LOAD C:/ST/STM32CubeIDE_1.17.0/STM32CubeIDE/plugins/com.st.stm32cube.ide.mcu.externaltools.gnu-tools-for-stm32.12.3.rel1.win32_1.1.0.202410251130/tools/bin/../lib/gcc/arm-none-eabi/12.3.1/thumb/v7e-m+fp/hard/crtend.o
LOAD C:/ST/STM32CubeIDE_1.17.0/STM32CubeIDE/plugins/com.st.stm32cube.ide.mcu.externaltools.gnu-tools-for-stm32.12.3.rel1.win32_1.1.0.202410251130/tools/bin/../lib/gcc/arm-none-eabi/12.3.1/thumb/v7e-m+fp/hard/crtn.o
                0x20020000                        _estack = (ORIGIN (RAM) + LENGTH (RAM))
                0x00000200                        _Min_Heap_Size = 0x200
                0x00000400                        _Min_Stack_Size = 0x400

.isr_vector     0x08000000      0x188
                0x08000000                        . = ALIGN (0x4)
 *(.isr_vector)
 .isr_vector    0x08000000      0x188 ./Core/Startup/startup_stm32f407vgtx.o
                0x08000000                g_pfnVectors
                0x08000188                        . = ALIGN (0x4)

.text           0x08000190     0xf728
                0x08000190                        . = ALIGN (0x4)
 *(.text)
 .text          0x08000190       0x40 C:/ST/STM32CubeIDE_1.17.0/STM32CubeIDE/plugins/com.st.stm32cube.ide.mcu.externaltools.gnu-tools-for-stm32.12.3.rel1.win32_1.1.0.202410251130/tools/bin/../lib/gcc/arm-none-eabi/12.3.1/thumb/v7e-m+fp/hard/crtbegin.o
 .text          0x080001d0       0xa0 C:/ST/STM32CubeIDE_1.17.0/STM32CubeIDE/plugins/com.st.stm32cube.ide.mcu.externaltools.gnu-tools-for-stm32.12.3.rel1.win32_1.1.0.202410251130/tools/bin/../lib/gcc/arm-none-eabi/12.3.1/../../../../arm-none-eabi/lib/thumb/v7e-m+fp/hard\libc_nano.a(libc_a-memchr.o)
                0x080001d0                memchr
 .text          0x08000270       0x10 C:/ST/STM32CubeIDE_1.17.0/STM32CubeIDE/plugins/com.st.stm32cube.ide.mcu.externaltools.gnu-tools-for-stm32.12.3.rel1.win32_1.1.0.202410251130/tools/bin/../lib/gcc/arm-none-eabi/12.3.1/../../../../arm-none-eabi/lib/thumb/v7e-m+fp/hard\libc_nano.a(libc_a-strlen.o)
                0x08000270                strlen
 .text          0x08000280      0x378 C:/ST/STM32CubeIDE_1.17.0/STM32CubeIDE/plugins/com.st.stm32cube.ide.mcu.externaltools.gnu-tools-for-stm32.12.3.rel1.win32_1.1.0.202410251130/tools/bin/../lib/gcc/arm-none-eabi/12.3.1/thumb/v7e-m+fp/hard\libgcc.a(_arm_addsubdf3.o)
                0x08000280                __aeabi_drsub
                0x08000288                __aeabi_dsub
                0x08000288                __subdf3
                0x0800028c                __aeabi_dadd
                0x0800028c                __adddf3
                0x08000504                __floatunsidf
                0x08000504                __aeabi_ui2d
                0x08000524                __floatsidf
                0x08000524                __aeabi_i2d
                0x08000548                __aeabi_f2d
                0x08000548                __extendsfdf2
                0x0800058c                __floatundidf
                0x0800058c                __aeabi_ul2d
                0x0800059c                __floatdidf
                0x0800059c                __aeabi_l2d
 .text          0x080005f8      0x424 C:/ST/STM32CubeIDE_1.17.0/STM32CubeIDE/plugins/com.st.stm32cube.ide.mcu.externaltools.gnu-tools-for-stm32.12.3.rel1.win32_1.1.0.202410251130/tools/bin/../lib/gcc/arm-none-eabi/12.3.1/thumb/v7e-m+fp/hard\libgcc.a(_arm_muldivdf3.o)
                0x080005f8                __aeabi_dmul
                0x080005f8                __muldf3
                0x0800084c                __divdf3
                0x0800084c                __aeabi_ddiv
 .text          0x08000a1c      0x110 C:/ST/STM32CubeIDE_1.17.0/STM32CubeIDE/plugins/com.st.stm32cube.ide.mcu.externaltools.gnu-tools-for-stm32.12.3.rel1.win32_1.1.0.202410251130/tools/bin/../lib/gcc/arm-none-eabi/12.3.1/thumb/v7e-m+fp/hard\libgcc.a(_arm_cmpdf2.o)
                0x08000a1c                __gtdf2
                0x08000a1c                __gedf2
                0x08000a24                __ltdf2
                0x08000a24                __ledf2
                0x08000a2c                __nedf2
                0x08000a2c                __eqdf2
                0x08000a2c                __cmpdf2
                0x08000aa8                __aeabi_cdrcmple
                0x08000ab8                __aeabi_cdcmpeq
                0x08000ab8                __aeabi_cdcmple
                0x08000ac8                __aeabi_dcmpeq
                0x08000adc                __aeabi_dcmplt
                0x08000af0                __aeabi_dcmple
                0x08000b04                __aeabi_dcmpge
                0x08000b18                __aeabi_dcmpgt
 .text          0x08000b2c       0x2c C:/ST/STM32CubeIDE_1.17.0/STM32CubeIDE/plugins/com.st.stm32cube.ide.mcu.externaltools.gnu-tools-for-stm32.12.3.rel1.win32_1.1.0.202410251130/tools/bin/../lib/gcc/arm-none-eabi/12.3.1/thumb/v7e-m+fp/hard\libgcc.a(_arm_unorddf2.o)
                0x08000b2c                __unorddf2
                0x08000b2c                __aeabi_dcmpun
 .text          0x08000b58       0x50 C:/ST/STM32CubeIDE_1.17.0/STM32CubeIDE/plugins/com.st.stm32cube.ide.mcu.externaltools.gnu-tools-for-stm32.12.3.rel1.win32_1.1.0.202410251130/tools/bin/../lib/gcc/arm-none-eabi/12.3.1/thumb/v7e-m+fp/hard\libgcc.a(_arm_fixdfsi.o)
                0x08000b58                __aeabi_d2iz
                0x08000b58                __fixdfsi
 .text          0x08000ba8       0xa0 C:/ST/STM32CubeIDE_1.17.0/STM32CubeIDE/plugins/com.st.stm32cube.ide.mcu.externaltools.gnu-tools-for-stm32.12.3.rel1.win32_1.1.0.202410251130/tools/bin/../lib/gcc/arm-none-eabi/12.3.1/thumb/v7e-m+fp/hard\libgcc.a(_arm_truncdfsf2.o)
                0x08000ba8                __truncdfsf2
                0x08000ba8                __aeabi_d2f
 .text          0x08000c48       0xa0 C:/ST/STM32CubeIDE_1.17.0/STM32CubeIDE/plugins/com.st.stm32cube.ide.mcu.externaltools.gnu-tools-for-stm32.12.3.rel1.win32_1.1.0.202410251130/tools/bin/../lib/gcc/arm-none-eabi/12.3.1/thumb/v7e-m+fp/hard\libgcc.a(_aeabi_ldivmod.o)
                0x08000c48                __aeabi_ldivmod
 .text          0x08000ce8       0x30 C:/ST/STM32CubeIDE_1.17.0/STM32CubeIDE/plugins/com.st.stm32cube.ide.mcu.externaltools.gnu-tools-for-stm32.12.3.rel1.win32_1.1.0.202410251130/tools/bin/../lib/gcc/arm-none-eabi/12.3.1/thumb/v7e-m+fp/hard\libgcc.a(_aeabi_uldivmod.o)
                0x08000ce8                __aeabi_uldivmod
 .text          0x08000d18      0x2bc C:/ST/STM32CubeIDE_1.17.0/STM32CubeIDE/plugins/com.st.stm32cube.ide.mcu.externaltools.gnu-tools-for-stm32.12.3.rel1.win32_1.1.0.202410251130/tools/bin/../lib/gcc/arm-none-eabi/12.3.1/thumb/v7e-m+fp/hard\libgcc.a(_udivmoddi4.o)
                0x08000d18                __udivmoddi4
 .text          0x08000fd4        0x4 C:/ST/STM32CubeIDE_1.17.0/STM32CubeIDE/plugins/com.st.stm32cube.ide.mcu.externaltools.gnu-tools-for-stm32.12.3.rel1.win32_1.1.0.202410251130/tools/bin/../lib/gcc/arm-none-eabi/12.3.1/thumb/v7e-m+fp/hard\libgcc.a(_dvmd_tls.o)
                0x08000fd4                __aeabi_idiv0
                0x08000fd4                __aeabi_ldiv0
 *(.text*)
 .text.TrimRead
                0x08000fd8      0x1c4 ./Core/Src/BME280_STM32.o
                0x08000fd8                TrimRead
 .text.BME280_Config
                0x0800119c      0x1ac ./Core/Src/BME280_STM32.o
                0x0800119c                BME280_Config
 .text.BMEReadRaw
                0x08001348       0xa0 ./Core/Src/BME280_STM32.o
                0x08001348                BMEReadRaw
 .text.BME280_compensate_T_int32
                0x080013e8       0x84 ./Core/Src/BME280_STM32.o
                0x080013e8                BME280_compensate_T_int32
 .text.BME280_compensate_P_int64
                0x0800146c      0x58c ./Core/Src/BME280_STM32.o
                0x0800146c                BME280_compensate_P_int64
 .text.bme280_compensate_H_int32
                0x080019f8       0xd8 ./Core/Src/BME280_STM32.o
                0x080019f8                bme280_compensate_H_int32
 .text.BME280_Measure
                0x08001ad0      0x12c ./Core/Src/BME280_STM32.o
                0x08001ad0                BME280_Measure
 .text.main     0x08001bfc      0x1b4 ./Core/Src/main.o
                0x08001bfc                main
 .text.SystemClock_Config
                0x08001db0       0xd4 ./Core/Src/main.o
                0x08001db0                SystemClock_Config
 .text.MX_ADC1_Init
                0x08001e84       0xa4 ./Core/Src/main.o
 .text.MX_I2C3_Init
                0x08001f28       0x5c ./Core/Src/main.o
 .text.MX_TIM1_Init
                0x08001f84      0x140 ./Core/Src/main.o
 .text.MX_TIM2_Init
                0x080020c4       0xec ./Core/Src/main.o
 .text.MX_USART2_UART_Init
                0x080021b0       0x54 ./Core/Src/main.o
 .text.MX_DMA_Init
                0x08002204       0x40 ./Core/Src/main.o
 .text.MX_GPIO_Init
                0x08002244      0x10c ./Core/Src/main.o
 .text.Speaker_Beep
                0x08002350       0x4c ./Core/Src/main.o
                0x08002350                Speaker_Beep
 .text.fan_rotating
                0x0800239c       0x80 ./Core/Src/main.o
                0x0800239c                fan_rotating
 .text.fan_stop
                0x0800241c       0x1c ./Core/Src/main.o
                0x0800241c                fan_stop
 .text.HAL_UART_RxCpltCallback
                0x08002438       0x44 ./Core/Src/main.o
                0x08002438                HAL_UART_RxCpltCallback
 .text.co_measure_task
                0x0800247c      0x290 ./Core/Src/main.o
                0x0800247c                co_measure_task
 .text.weather_task
                0x0800270c       0x7c ./Core/Src/main.o
                0x0800270c                weather_task
 .text.speaker_alarm_task
                0x08002788       0x28 ./Core/Src/main.o
                0x08002788                speaker_alarm_task
 .text.fan_task
                0x080027b0       0xb0 ./Core/Src/main.o
                0x080027b0                fan_task
 .text.uart_command_task
                0x08002860       0x94 ./Core/Src/main.o
                0x08002860                uart_command_task
 .text.uart_display_task
                0x080028f4      0x19c ./Core/Src/main.o
                0x080028f4                uart_display_task
 .text.watch_dog_task
                0x08002a90      0x120 ./Core/Src/main.o
                0x08002a90                watch_dog_task
 .text.HAL_TIM_PeriodElapsedCallback
                0x08002bb0       0x24 ./Core/Src/main.o
                0x08002bb0                HAL_TIM_PeriodElapsedCallback
 .text.Error_Handler
                0x08002bd4        0xc ./Core/Src/main.o
                0x08002bd4                Error_Handler
 .text.HAL_MspInit
                0x08002be0       0x58 ./Core/Src/stm32f4xx_hal_msp.o
                0x08002be0                HAL_MspInit
 .text.HAL_ADC_MspInit
                0x08002c38       0xf0 ./Core/Src/stm32f4xx_hal_msp.o
                0x08002c38                HAL_ADC_MspInit
 .text.HAL_I2C_MspInit
                0x08002d28       0xd4 ./Core/Src/stm32f4xx_hal_msp.o
                0x08002d28                HAL_I2C_MspInit
 .text.HAL_TIM_Base_MspInit
                0x08002dfc       0x6c ./Core/Src/stm32f4xx_hal_msp.o
                0x08002dfc                HAL_TIM_Base_MspInit
 .text.HAL_TIM_MspPostInit
                0x08002e68       0xc0 ./Core/Src/stm32f4xx_hal_msp.o
                0x08002e68                HAL_TIM_MspPostInit
 .text.HAL_UART_MspInit
                0x08002f28       0xa0 ./Core/Src/stm32f4xx_hal_msp.o
                0x08002f28                HAL_UART_MspInit
 .text.HAL_InitTick
                0x08002fc8       0xf8 ./Core/Src/stm32f4xx_hal_timebase_tim.o
                0x08002fc8                HAL_InitTick
 .text.NMI_Handler
                0x080030c0        0x8 ./Core/Src/stm32f4xx_it.o
                0x080030c0                NMI_Handler
 .text.HardFault_Handler
                0x080030c8        0x8 ./Core/Src/stm32f4xx_it.o
                0x080030c8                HardFault_Handler
 .text.MemManage_Handler
                0x080030d0        0x8 ./Core/Src/stm32f4xx_it.o
                0x080030d0                MemManage_Handler
 .text.BusFault_Handler
                0x080030d8        0x8 ./Core/Src/stm32f4xx_it.o
                0x080030d8                BusFault_Handler
 .text.UsageFault_Handler
                0x080030e0        0x8 ./Core/Src/stm32f4xx_it.o
                0x080030e0                UsageFault_Handler
 .text.DebugMon_Handler
                0x080030e8        0xe ./Core/Src/stm32f4xx_it.o
                0x080030e8                DebugMon_Handler
 *fill*         0x080030f6        0x2 
 .text.USART2_IRQHandler
                0x080030f8       0x14 ./Core/Src/stm32f4xx_it.o
                0x080030f8                USART2_IRQHandler
 .text.TIM6_DAC_IRQHandler
                0x0800310c       0x14 ./Core/Src/stm32f4xx_it.o
                0x0800310c                TIM6_DAC_IRQHandler
 .text.DMA2_Stream0_IRQHandler
                0x08003120       0x14 ./Core/Src/stm32f4xx_it.o
                0x08003120                DMA2_Stream0_IRQHandler
 .text._getpid  0x08003134       0x10 ./Core/Src/syscalls.o
                0x08003134                _getpid
 .text._kill    0x08003144       0x20 ./Core/Src/syscalls.o
                0x08003144                _kill
 .text._exit    0x08003164       0x16 ./Core/Src/syscalls.o
                0x08003164                _exit
 .text._read    0x0800317a       0x3a ./Core/Src/syscalls.o
                0x0800317a                _read
 .text._write   0x080031b4       0x38 ./Core/Src/syscalls.o
                0x080031b4                _write
 .text._close   0x080031ec       0x18 ./Core/Src/syscalls.o
                0x080031ec                _close
 .text._fstat   0x08003204       0x20 ./Core/Src/syscalls.o
                0x08003204                _fstat
 .text._isatty  0x08003224       0x16 ./Core/Src/syscalls.o
                0x08003224                _isatty
 .text._lseek   0x0800323a       0x1a ./Core/Src/syscalls.o
                0x0800323a                _lseek
 .text._sbrk    0x08003254       0x6c ./Core/Src/sysmem.o
                0x08003254                _sbrk
 .text.SystemInit
                0x080032c0       0x24 ./Core/Src/system_stm32f4xx.o
                0x080032c0                SystemInit
 .text.Reset_Handler
                0x080032e4       0x50 ./Core/Startup/startup_stm32f407vgtx.o
                0x080032e4                Reset_Handler
 .text.Default_Handler
                0x08003334        0x2 ./Core/Startup/startup_stm32f407vgtx.o
                0x08003334                RTC_Alarm_IRQHandler
                0x08003334                HASH_RNG_IRQHandler
                0x08003334                EXTI2_IRQHandler
                0x08003334                TIM8_CC_IRQHandler
                0x08003334                TIM1_CC_IRQHandler
                0x08003334                DMA2_Stream5_IRQHandler
                0x08003334                DMA1_Stream5_IRQHandler
                0x08003334                PVD_IRQHandler
                0x08003334                SDIO_IRQHandler
                0x08003334                TAMP_STAMP_IRQHandler
                0x08003334                CAN2_RX1_IRQHandler
                0x08003334                EXTI3_IRQHandler
                0x08003334                TIM8_TRG_COM_TIM14_IRQHandler
                0x08003334                TIM1_UP_TIM10_IRQHandler
                0x08003334                TIM8_UP_TIM13_IRQHandler
                0x08003334                I2C3_ER_IRQHandler
                0x08003334                EXTI0_IRQHandler
                0x08003334                I2C2_EV_IRQHandler
                0x08003334                DMA1_Stream2_IRQHandler
                0x08003334                CAN1_RX0_IRQHandler
                0x08003334                FPU_IRQHandler
                0x08003334                OTG_HS_WKUP_IRQHandler
                0x08003334                CAN2_SCE_IRQHandler
                0x08003334                DMA2_Stream2_IRQHandler
                0x08003334                SPI1_IRQHandler
                0x08003334                TIM1_BRK_TIM9_IRQHandler
                0x08003334                DCMI_IRQHandler
                0x08003334                CAN2_RX0_IRQHandler
                0x08003334                DMA2_Stream3_IRQHandler
                0x08003334                USART6_IRQHandler
                0x08003334                USART3_IRQHandler
                0x08003334                CAN1_RX1_IRQHandler
                0x08003334                UART5_IRQHandler
                0x08003334                TIM4_IRQHandler
                0x08003334                I2C1_EV_IRQHandler
                0x08003334                DMA1_Stream6_IRQHandler
                0x08003334                DMA1_Stream1_IRQHandler
                0x08003334                UART4_IRQHandler
                0x08003334                TIM3_IRQHandler
                0x08003334                RCC_IRQHandler
                0x08003334                TIM8_BRK_TIM12_IRQHandler
                0x08003334                Default_Handler
                0x08003334                EXTI15_10_IRQHandler
                0x08003334                ADC_IRQHandler
                0x08003334                DMA1_Stream7_IRQHandler
                0x08003334                TIM7_IRQHandler
                0x08003334                CAN2_TX_IRQHandler
                0x08003334                TIM5_IRQHandler
                0x08003334                DMA2_Stream7_IRQHandler
                0x08003334                I2C3_EV_IRQHandler
                0x08003334                EXTI9_5_IRQHandler
                0x08003334                RTC_WKUP_IRQHandler
                0x08003334                ETH_WKUP_IRQHandler
                0x08003334                SPI2_IRQHandler
                0x08003334                OTG_HS_EP1_IN_IRQHandler
                0x08003334                DMA1_Stream0_IRQHandler
                0x08003334                CAN1_TX_IRQHandler
                0x08003334                EXTI4_IRQHandler
                0x08003334                FSMC_IRQHandler
                0x08003334                ETH_IRQHandler
                0x08003334                OTG_HS_EP1_OUT_IRQHandler
                0x08003334                WWDG_IRQHandler
                0x08003334                TIM2_IRQHandler
                0x08003334                OTG_FS_WKUP_IRQHandler
                0x08003334                TIM1_TRG_COM_TIM11_IRQHandler
                0x08003334                OTG_HS_IRQHandler
                0x08003334                EXTI1_IRQHandler
                0x08003334                I2C2_ER_IRQHandler
                0x08003334                DMA2_Stream1_IRQHandler
                0x08003334                CAN1_SCE_IRQHandler
                0x08003334                FLASH_IRQHandler
                0x08003334                DMA2_Stream4_IRQHandler
                0x08003334                USART1_IRQHandler
                0x08003334                OTG_FS_IRQHandler
                0x08003334                SPI3_IRQHandler
                0x08003334                DMA1_Stream4_IRQHandler
                0x08003334                I2C1_ER_IRQHandler
                0x08003334                DMA2_Stream6_IRQHandler
                0x08003334                DMA1_Stream3_IRQHandler
 *fill*         0x08003336        0x2 
 .text.HAL_Init
                0x08003338       0x44 ./Drivers/STM32F4xx_HAL_Driver/Src/stm32f4xx_hal.o
                0x08003338                HAL_Init
 .text.HAL_IncTick
                0x0800337c       0x28 ./Drivers/STM32F4xx_HAL_Driver/Src/stm32f4xx_hal.o
                0x0800337c                HAL_IncTick
 .text.HAL_GetTick
                0x080033a4       0x18 ./Drivers/STM32F4xx_HAL_Driver/Src/stm32f4xx_hal.o
                0x080033a4                HAL_GetTick
 .text.HAL_Delay
                0x080033bc       0x48 ./Drivers/STM32F4xx_HAL_Driver/Src/stm32f4xx_hal.o
                0x080033bc                HAL_Delay
 .text.HAL_ADC_Init
                0x08003404       0x86 ./Drivers/STM32F4xx_HAL_Driver/Src/stm32f4xx_hal_adc.o
                0x08003404                HAL_ADC_Init
 *fill*         0x0800348a        0x2 
 .text.HAL_ADC_Start
                0x0800348c      0x1a4 ./Drivers/STM32F4xx_HAL_Driver/Src/stm32f4xx_hal_adc.o
                0x0800348c                HAL_ADC_Start
 .text.HAL_ADC_Stop
                0x08003630       0x66 ./Drivers/STM32F4xx_HAL_Driver/Src/stm32f4xx_hal_adc.o
                0x08003630                HAL_ADC_Stop
 .text.HAL_ADC_PollForConversion
                0x08003696      0x116 ./Drivers/STM32F4xx_HAL_Driver/Src/stm32f4xx_hal_adc.o
                0x08003696                HAL_ADC_PollForConversion
 .text.HAL_ADC_GetValue
                0x080037ac       0x1a ./Drivers/STM32F4xx_HAL_Driver/Src/stm32f4xx_hal_adc.o
                0x080037ac                HAL_ADC_GetValue
 *fill*         0x080037c6        0x2 
 .text.HAL_ADC_ConfigChannel
                0x080037c8      0x244 ./Drivers/STM32F4xx_HAL_Driver/Src/stm32f4xx_hal_adc.o
                0x080037c8                HAL_ADC_ConfigChannel
 .text.ADC_Init
                0x08003a0c      0x1f8 ./Drivers/STM32F4xx_HAL_Driver/Src/stm32f4xx_hal_adc.o
 .text.__NVIC_SetPriorityGrouping
                0x08003c04       0x48 ./Drivers/STM32F4xx_HAL_Driver/Src/stm32f4xx_hal_cortex.o
 .text.__NVIC_GetPriorityGrouping
                0x08003c4c       0x1c ./Drivers/STM32F4xx_HAL_Driver/Src/stm32f4xx_hal_cortex.o
 .text.__NVIC_EnableIRQ
                0x08003c68       0x3c ./Drivers/STM32F4xx_HAL_Driver/Src/stm32f4xx_hal_cortex.o
 .text.__NVIC_SetPriority
                0x08003ca4       0x54 ./Drivers/STM32F4xx_HAL_Driver/Src/stm32f4xx_hal_cortex.o
 .text.NVIC_EncodePriority
                0x08003cf8       0x66 ./Drivers/STM32F4xx_HAL_Driver/Src/stm32f4xx_hal_cortex.o
 .text.HAL_NVIC_SetPriorityGrouping
                0x08003d5e       0x16 ./Drivers/STM32F4xx_HAL_Driver/Src/stm32f4xx_hal_cortex.o
                0x08003d5e                HAL_NVIC_SetPriorityGrouping
 .text.HAL_NVIC_SetPriority
                0x08003d74       0x38 ./Drivers/STM32F4xx_HAL_Driver/Src/stm32f4xx_hal_cortex.o
                0x08003d74                HAL_NVIC_SetPriority
 .text.HAL_NVIC_EnableIRQ
                0x08003dac       0x1c ./Drivers/STM32F4xx_HAL_Driver/Src/stm32f4xx_hal_cortex.o
                0x08003dac                HAL_NVIC_EnableIRQ
 .text.HAL_DMA_Init
                0x08003dc8      0x15c ./Drivers/STM32F4xx_HAL_Driver/Src/stm32f4xx_hal_dma.o
                0x08003dc8                HAL_DMA_Init
 .text.HAL_DMA_Abort
                0x08003f24       0xe0 ./Drivers/STM32F4xx_HAL_Driver/Src/stm32f4xx_hal_dma.o
                0x08003f24                HAL_DMA_Abort
 .text.HAL_DMA_Abort_IT
                0x08004004       0x44 ./Drivers/STM32F4xx_HAL_Driver/Src/stm32f4xx_hal_dma.o
                0x08004004                HAL_DMA_Abort_IT
 .text.HAL_DMA_IRQHandler
                0x08004048      0x314 ./Drivers/STM32F4xx_HAL_Driver/Src/stm32f4xx_hal_dma.o
                0x08004048                HAL_DMA_IRQHandler
 .text.DMA_CalcBaseAndBitshift
                0x0800435c       0x6c ./Drivers/STM32F4xx_HAL_Driver/Src/stm32f4xx_hal_dma.o
 .text.DMA_CheckFifoParam
                0x080043c8       0xf8 ./Drivers/STM32F4xx_HAL_Driver/Src/stm32f4xx_hal_dma.o
 .text.HAL_GPIO_Init
                0x080044c0      0x338 ./Drivers/STM32F4xx_HAL_Driver/Src/stm32f4xx_hal_gpio.o
                0x080044c0                HAL_GPIO_Init
 .text.HAL_GPIO_WritePin
                0x080047f8       0x32 ./Drivers/STM32F4xx_HAL_Driver/Src/stm32f4xx_hal_gpio.o
                0x080047f8                HAL_GPIO_WritePin
 *fill*         0x0800482a        0x2 
 .text.HAL_I2C_Init
                0x0800482c      0x288 ./Drivers/STM32F4xx_HAL_Driver/Src/stm32f4xx_hal_i2c.o
                0x0800482c                HAL_I2C_Init
 .text.HAL_I2C_Mem_Write
                0x08004ab4      0x1f4 ./Drivers/STM32F4xx_HAL_Driver/Src/stm32f4xx_hal_i2c.o
                0x08004ab4                HAL_I2C_Mem_Write
 .text.HAL_I2C_Mem_Read
                0x08004ca8      0x464 ./Drivers/STM32F4xx_HAL_Driver/Src/stm32f4xx_hal_i2c.o
                0x08004ca8                HAL_I2C_Mem_Read
 .text.I2C_RequestMemoryWrite
                0x0800510c      0x12c ./Drivers/STM32F4xx_HAL_Driver/Src/stm32f4xx_hal_i2c.o
 .text.I2C_RequestMemoryRead
                0x08005238      0x1d0 ./Drivers/STM32F4xx_HAL_Driver/Src/stm32f4xx_hal_i2c.o
 .text.I2C_WaitOnFlagUntilTimeout
                0x08005408       0xf4 ./Drivers/STM32F4xx_HAL_Driver/Src/stm32f4xx_hal_i2c.o
 .text.I2C_WaitOnMasterAddressFlagUntilTimeout
                0x080054fc      0x140 ./Drivers/STM32F4xx_HAL_Driver/Src/stm32f4xx_hal_i2c.o
 .text.I2C_WaitOnTXEFlagUntilTimeout
                0x0800563c       0x90 ./Drivers/STM32F4xx_HAL_Driver/Src/stm32f4xx_hal_i2c.o
 .text.I2C_WaitOnBTFFlagUntilTimeout
                0x080056cc       0x90 ./Drivers/STM32F4xx_HAL_Driver/Src/stm32f4xx_hal_i2c.o
 .text.I2C_WaitOnRXNEFlagUntilTimeout
                0x0800575c       0xba ./Drivers/STM32F4xx_HAL_Driver/Src/stm32f4xx_hal_i2c.o
 .text.I2C_IsAcknowledgeFailed
                0x08005816       0x5e ./Drivers/STM32F4xx_HAL_Driver/Src/stm32f4xx_hal_i2c.o
 .text.HAL_RCC_OscConfig
                0x08005874      0x4f0 ./Drivers/STM32F4xx_HAL_Driver/Src/stm32f4xx_hal_rcc.o
                0x08005874                HAL_RCC_OscConfig
 .text.HAL_RCC_ClockConfig
                0x08005d64      0x1cc ./Drivers/STM32F4xx_HAL_Driver/Src/stm32f4xx_hal_rcc.o
                0x08005d64                HAL_RCC_ClockConfig
 .text.HAL_RCC_GetSysClockFreq
                0x08005f30      0x18c ./Drivers/STM32F4xx_HAL_Driver/Src/stm32f4xx_hal_rcc.o
                0x08005f30                HAL_RCC_GetSysClockFreq
 .text.HAL_RCC_GetHCLKFreq
                0x080060bc       0x18 ./Drivers/STM32F4xx_HAL_Driver/Src/stm32f4xx_hal_rcc.o
                0x080060bc                HAL_RCC_GetHCLKFreq
 .text.HAL_RCC_GetPCLK1Freq
                0x080060d4       0x28 ./Drivers/STM32F4xx_HAL_Driver/Src/stm32f4xx_hal_rcc.o
                0x080060d4                HAL_RCC_GetPCLK1Freq
 .text.HAL_RCC_GetPCLK2Freq
                0x080060fc       0x28 ./Drivers/STM32F4xx_HAL_Driver/Src/stm32f4xx_hal_rcc.o
                0x080060fc                HAL_RCC_GetPCLK2Freq
 .text.HAL_RCC_GetClockConfig
                0x08006124       0x64 ./Drivers/STM32F4xx_HAL_Driver/Src/stm32f4xx_hal_rcc.o
                0x08006124                HAL_RCC_GetClockConfig
 .text.HAL_TIM_Base_Init
                0x08006188       0x9e ./Drivers/STM32F4xx_HAL_Driver/Src/stm32f4xx_hal_tim.o
                0x08006188                HAL_TIM_Base_Init
 *fill*         0x08006226        0x2 
 .text.HAL_TIM_Base_Start_IT
                0x08006228       0xe0 ./Drivers/STM32F4xx_HAL_Driver/Src/stm32f4xx_hal_tim.o
                0x08006228                HAL_TIM_Base_Start_IT
 .text.HAL_TIM_PWM_Init
                0x08006308       0x9e ./Drivers/STM32F4xx_HAL_Driver/Src/stm32f4xx_hal_tim.o
                0x08006308                HAL_TIM_PWM_Init
 .text.HAL_TIM_PWM_MspInit
                0x080063a6       0x14 ./Drivers/STM32F4xx_HAL_Driver/Src/stm32f4xx_hal_tim.o
                0x080063a6                HAL_TIM_PWM_MspInit
 *fill*         0x080063ba        0x2 
 .text.HAL_TIM_PWM_Start
                0x080063bc      0x190 ./Drivers/STM32F4xx_HAL_Driver/Src/stm32f4xx_hal_tim.o
                0x080063bc                HAL_TIM_PWM_Start
 .text.HAL_TIM_PWM_Stop
                0x0800654c       0xe0 ./Drivers/STM32F4xx_HAL_Driver/Src/stm32f4xx_hal_tim.o
                0x0800654c                HAL_TIM_PWM_Stop
 .text.HAL_TIM_IRQHandler
                0x0800662c      0x1e0 ./Drivers/STM32F4xx_HAL_Driver/Src/stm32f4xx_hal_tim.o
                0x0800662c                HAL_TIM_IRQHandler
 .text.HAL_TIM_PWM_ConfigChannel
                0x0800680c      0x184 ./Drivers/STM32F4xx_HAL_Driver/Src/stm32f4xx_hal_tim.o
                0x0800680c                HAL_TIM_PWM_ConfigChannel
 .text.HAL_TIM_ConfigClockSource
                0x08006990      0x18e ./Drivers/STM32F4xx_HAL_Driver/Src/stm32f4xx_hal_tim.o
                0x08006990                HAL_TIM_ConfigClockSource
 .text.HAL_TIM_OC_DelayElapsedCallback
                0x08006b1e       0x14 ./Drivers/STM32F4xx_HAL_Driver/Src/stm32f4xx_hal_tim.o
                0x08006b1e                HAL_TIM_OC_DelayElapsedCallback
 .text.HAL_TIM_IC_CaptureCallback
                0x08006b32       0x14 ./Drivers/STM32F4xx_HAL_Driver/Src/stm32f4xx_hal_tim.o
                0x08006b32                HAL_TIM_IC_CaptureCallback
 .text.HAL_TIM_PWM_PulseFinishedCallback
                0x08006b46       0x14 ./Drivers/STM32F4xx_HAL_Driver/Src/stm32f4xx_hal_tim.o
                0x08006b46                HAL_TIM_PWM_PulseFinishedCallback
 .text.HAL_TIM_TriggerCallback
                0x08006b5a       0x14 ./Drivers/STM32F4xx_HAL_Driver/Src/stm32f4xx_hal_tim.o
                0x08006b5a                HAL_TIM_TriggerCallback
 *fill*         0x08006b6e        0x2 
 .text.TIM_Base_SetConfig
                0x08006b70      0x14c ./Drivers/STM32F4xx_HAL_Driver/Src/stm32f4xx_hal_tim.o
                0x08006b70                TIM_Base_SetConfig
 .text.TIM_OC1_SetConfig
                0x08006cbc       0xe0 ./Drivers/STM32F4xx_HAL_Driver/Src/stm32f4xx_hal_tim.o
 .text.TIM_OC2_SetConfig
                0x08006d9c       0xec ./Drivers/STM32F4xx_HAL_Driver/Src/stm32f4xx_hal_tim.o
                0x08006d9c                TIM_OC2_SetConfig
 .text.TIM_OC3_SetConfig
                0x08006e88       0xe8 ./Drivers/STM32F4xx_HAL_Driver/Src/stm32f4xx_hal_tim.o
 .text.TIM_OC4_SetConfig
                0x08006f70       0xac ./Drivers/STM32F4xx_HAL_Driver/Src/stm32f4xx_hal_tim.o
 .text.TIM_TI1_ConfigInputStage
                0x0800701c       0x5e ./Drivers/STM32F4xx_HAL_Driver/Src/stm32f4xx_hal_tim.o
 .text.TIM_TI2_ConfigInputStage
                0x0800707a       0x60 ./Drivers/STM32F4xx_HAL_Driver/Src/stm32f4xx_hal_tim.o
 .text.TIM_ITRx_SetConfig
                0x080070da       0x36 ./Drivers/STM32F4xx_HAL_Driver/Src/stm32f4xx_hal_tim.o
 .text.TIM_ETR_SetConfig
                0x08007110       0x40 ./Drivers/STM32F4xx_HAL_Driver/Src/stm32f4xx_hal_tim.o
                0x08007110                TIM_ETR_SetConfig
 .text.TIM_CCxChannelCmd
                0x08007150       0x4a ./Drivers/STM32F4xx_HAL_Driver/Src/stm32f4xx_hal_tim.o
                0x08007150                TIM_CCxChannelCmd
 *fill*         0x0800719a        0x2 
 .text.HAL_TIMEx_MasterConfigSynchronization
                0x0800719c       0xf8 ./Drivers/STM32F4xx_HAL_Driver/Src/stm32f4xx_hal_tim_ex.o
                0x0800719c                HAL_TIMEx_MasterConfigSynchronization
 .text.HAL_TIMEx_ConfigBreakDeadTime
                0x08007294       0xa4 ./Drivers/STM32F4xx_HAL_Driver/Src/stm32f4xx_hal_tim_ex.o
                0x08007294                HAL_TIMEx_ConfigBreakDeadTime
 .text.HAL_TIMEx_CommutCallback
                0x08007338       0x14 ./Drivers/STM32F4xx_HAL_Driver/Src/stm32f4xx_hal_tim_ex.o
                0x08007338                HAL_TIMEx_CommutCallback
 .text.HAL_TIMEx_BreakCallback
                0x0800734c       0x14 ./Drivers/STM32F4xx_HAL_Driver/Src/stm32f4xx_hal_tim_ex.o
                0x0800734c                HAL_TIMEx_BreakCallback
 .text.HAL_UART_Init
                0x08007360       0xa0 ./Drivers/STM32F4xx_HAL_Driver/Src/stm32f4xx_hal_uart.o
                0x08007360                HAL_UART_Init
 .text.HAL_UART_Transmit
                0x08007400      0x116 ./Drivers/STM32F4xx_HAL_Driver/Src/stm32f4xx_hal_uart.o
                0x08007400                HAL_UART_Transmit
 .text.HAL_UART_Receive_IT
                0x08007516       0x4a ./Drivers/STM32F4xx_HAL_Driver/Src/stm32f4xx_hal_uart.o
                0x08007516                HAL_UART_Receive_IT
 .text.HAL_UART_IRQHandler
                0x08007560      0x554 ./Drivers/STM32F4xx_HAL_Driver/Src/stm32f4xx_hal_uart.o
                0x08007560                HAL_UART_IRQHandler
 .text.HAL_UART_TxCpltCallback
                0x08007ab4       0x14 ./Drivers/STM32F4xx_HAL_Driver/Src/stm32f4xx_hal_uart.o
                0x08007ab4                HAL_UART_TxCpltCallback
 .text.HAL_UART_ErrorCallback
                0x08007ac8       0x14 ./Drivers/STM32F4xx_HAL_Driver/Src/stm32f4xx_hal_uart.o
                0x08007ac8                HAL_UART_ErrorCallback
 .text.HAL_UARTEx_RxEventCallback
                0x08007adc       0x18 ./Drivers/STM32F4xx_HAL_Driver/Src/stm32f4xx_hal_uart.o
                0x08007adc                HAL_UARTEx_RxEventCallback
 .text.UART_WaitOnFlagUntilTimeout
                0x08007af4       0xb2 ./Drivers/STM32F4xx_HAL_Driver/Src/stm32f4xx_hal_uart.o
 .text.UART_Start_Receive_IT
                0x08007ba6       0x74 ./Drivers/STM32F4xx_HAL_Driver/Src/stm32f4xx_hal_uart.o
                0x08007ba6                UART_Start_Receive_IT
 .text.UART_EndRxTransfer
                0x08007c1a       0xc6 ./Drivers/STM32F4xx_HAL_Driver/Src/stm32f4xx_hal_uart.o
 .text.UART_DMAAbortOnError
                0x08007ce0       0x22 ./Drivers/STM32F4xx_HAL_Driver/Src/stm32f4xx_hal_uart.o
 .text.UART_Transmit_IT
                0x08007d02       0xa0 ./Drivers/STM32F4xx_HAL_Driver/Src/stm32f4xx_hal_uart.o
 .text.UART_EndTransmit_IT
                0x08007da2       0x30 ./Drivers/STM32F4xx_HAL_Driver/Src/stm32f4xx_hal_uart.o
 .text.UART_Receive_IT
                0x08007dd2      0x17c ./Drivers/STM32F4xx_HAL_Driver/Src/stm32f4xx_hal_uart.o
 *fill*         0x08007f4e        0x2 
 .text.UART_SetConfig
                0x08007f50      0x4e8 ./Drivers/STM32F4xx_HAL_Driver/Src/stm32f4xx_hal_uart.o
 .text.__NVIC_SetPriority
                0x08008438       0x54 ./Middlewares/Third_Party/FreeRTOS/Source/CMSIS_RTOS_V2/cmsis_os2.o
 .text.SysTick_Handler
                0x0800848c       0x20 ./Middlewares/Third_Party/FreeRTOS/Source/CMSIS_RTOS_V2/cmsis_os2.o
                0x0800848c                SysTick_Handler
 .text.SVC_Setup
                0x080084ac       0x12 ./Middlewares/Third_Party/FreeRTOS/Source/CMSIS_RTOS_V2/cmsis_os2.o
 *fill*         0x080084be        0x2 
 .text.osKernelInitialize
                0x080084c0       0x48 ./Middlewares/Third_Party/FreeRTOS/Source/CMSIS_RTOS_V2/cmsis_os2.o
                0x080084c0                osKernelInitialize
 .text.osKernelStart
                0x08008508       0x4c ./Middlewares/Third_Party/FreeRTOS/Source/CMSIS_RTOS_V2/cmsis_os2.o
                0x08008508                osKernelStart
 .text.osThreadNew
                0x08008554      0x124 ./Middlewares/Third_Party/FreeRTOS/Source/CMSIS_RTOS_V2/cmsis_os2.o
                0x08008554                osThreadNew
 .text.osDelay  0x08008678       0x36 ./Middlewares/Third_Party/FreeRTOS/Source/CMSIS_RTOS_V2/cmsis_os2.o
                0x08008678                osDelay
 .text.osMutexNew
                0x080086ae      0x10c ./Middlewares/Third_Party/FreeRTOS/Source/CMSIS_RTOS_V2/cmsis_os2.o
                0x080086ae                osMutexNew
 .text.osMutexAcquire
                0x080087ba       0x96 ./Middlewares/Third_Party/FreeRTOS/Source/CMSIS_RTOS_V2/cmsis_os2.o
                0x080087ba                osMutexAcquire
 .text.osMutexRelease
                0x08008850       0x7a ./Middlewares/Third_Party/FreeRTOS/Source/CMSIS_RTOS_V2/cmsis_os2.o
                0x08008850                osMutexRelease
 .text.osSemaphoreNew
                0x080088ca      0x112 ./Middlewares/Third_Party/FreeRTOS/Source/CMSIS_RTOS_V2/cmsis_os2.o
                0x080088ca                osSemaphoreNew
 .text.osSemaphoreAcquire
                0x080089dc       0xa4 ./Middlewares/Third_Party/FreeRTOS/Source/CMSIS_RTOS_V2/cmsis_os2.o
                0x080089dc                osSemaphoreAcquire
 .text.osSemaphoreRelease
                0x08008a80       0x88 ./Middlewares/Third_Party/FreeRTOS/Source/CMSIS_RTOS_V2/cmsis_os2.o
                0x08008a80                osSemaphoreRelease
 .text.osMessageQueueNew
                0x08008b08       0xe6 ./Middlewares/Third_Party/FreeRTOS/Source/CMSIS_RTOS_V2/cmsis_os2.o
                0x08008b08                osMessageQueueNew
 *fill*         0x08008bee        0x2 
 .text.osMessageQueuePut
                0x08008bf0       0xc0 ./Middlewares/Third_Party/FreeRTOS/Source/CMSIS_RTOS_V2/cmsis_os2.o
                0x08008bf0                osMessageQueuePut
 .text.osMessageQueueGet
                0x08008cb0       0xbc ./Middlewares/Third_Party/FreeRTOS/Source/CMSIS_RTOS_V2/cmsis_os2.o
                0x08008cb0                osMessageQueueGet
 .text.vApplicationGetIdleTaskMemory
                0x08008d6c       0x34 ./Middlewares/Third_Party/FreeRTOS/Source/CMSIS_RTOS_V2/cmsis_os2.o
                0x08008d6c                vApplicationGetIdleTaskMemory
 .text.vApplicationGetTimerTaskMemory
                0x08008da0       0x34 ./Middlewares/Third_Party/FreeRTOS/Source/CMSIS_RTOS_V2/cmsis_os2.o
                0x08008da0                vApplicationGetTimerTaskMemory
 .text.vListInitialise
                0x08008dd4       0x40 ./Middlewares/Third_Party/FreeRTOS/Source/list.o
                0x08008dd4                vListInitialise
 .text.vListInitialiseItem
                0x08008e14       0x1a ./Middlewares/Third_Party/FreeRTOS/Source/list.o
                0x08008e14                vListInitialiseItem
 .text.vListInsertEnd
                0x08008e2e       0x48 ./Middlewares/Third_Party/FreeRTOS/Source/list.o
                0x08008e2e                vListInsertEnd
 .text.vListInsert
                0x08008e76       0x72 ./Middlewares/Third_Party/FreeRTOS/Source/list.o
                0x08008e76                vListInsert
 .text.uxListRemove
                0x08008ee8       0x54 ./Middlewares/Third_Party/FreeRTOS/Source/list.o
                0x08008ee8                uxListRemove
 .text.xQueueGenericReset
                0x08008f3c       0xd4 ./Middlewares/Third_Party/FreeRTOS/Source/queue.o
                0x08008f3c                xQueueGenericReset
 .text.xQueueGenericCreateStatic
                0x08009010       0xfa ./Middlewares/Third_Party/FreeRTOS/Source/queue.o
                0x08009010                xQueueGenericCreateStatic
 .text.xQueueGenericCreate
                0x0800910a       0x76 ./Middlewares/Third_Party/FreeRTOS/Source/queue.o
                0x0800910a                xQueueGenericCreate
 .text.prvInitialiseNewQueue
                0x08009180       0x46 ./Middlewares/Third_Party/FreeRTOS/Source/queue.o
 .text.prvInitialiseMutex
                0x080091c6       0x34 ./Middlewares/Third_Party/FreeRTOS/Source/queue.o
 .text.xQueueCreateMutex
                0x080091fa       0x30 ./Middlewares/Third_Party/FreeRTOS/Source/queue.o
                0x080091fa                xQueueCreateMutex
 .text.xQueueCreateMutexStatic
                0x0800922a       0x36 ./Middlewares/Third_Party/FreeRTOS/Source/queue.o
                0x0800922a                xQueueCreateMutexStatic
 .text.xQueueGiveMutexRecursive
                0x08009260       0x6a ./Middlewares/Third_Party/FreeRTOS/Source/queue.o
                0x08009260                xQueueGiveMutexRecursive
 .text.xQueueTakeMutexRecursive
                0x080092ca       0x6e ./Middlewares/Third_Party/FreeRTOS/Source/queue.o
                0x080092ca                xQueueTakeMutexRecursive
 .text.xQueueCreateCountingSemaphoreStatic
                0x08009338       0x72 ./Middlewares/Third_Party/FreeRTOS/Source/queue.o
                0x08009338                xQueueCreateCountingSemaphoreStatic
 .text.xQueueCreateCountingSemaphore
                0x080093aa       0x6a ./Middlewares/Third_Party/FreeRTOS/Source/queue.o
                0x080093aa                xQueueCreateCountingSemaphore
 .text.xQueueGenericSend
                0x08009414      0x204 ./Middlewares/Third_Party/FreeRTOS/Source/queue.o
                0x08009414                xQueueGenericSend
 .text.xQueueGenericSendFromISR
                0x08009618      0x13c ./Middlewares/Third_Party/FreeRTOS/Source/queue.o
                0x08009618                xQueueGenericSendFromISR
 .text.xQueueGiveFromISR
                0x08009754      0x120 ./Middlewares/Third_Party/FreeRTOS/Source/queue.o
                0x08009754                xQueueGiveFromISR
 .text.xQueueReceive
                0x08009874      0x1c4 ./Middlewares/Third_Party/FreeRTOS/Source/queue.o
                0x08009874                xQueueReceive
 .text.xQueueSemaphoreTake
                0x08009a38      0x220 ./Middlewares/Third_Party/FreeRTOS/Source/queue.o
                0x08009a38                xQueueSemaphoreTake
 .text.xQueueReceiveFromISR
                0x08009c58      0x104 ./Middlewares/Third_Party/FreeRTOS/Source/queue.o
                0x08009c58                xQueueReceiveFromISR
 .text.vQueueDelete
                0x08009d5c       0x48 ./Middlewares/Third_Party/FreeRTOS/Source/queue.o
                0x08009d5c                vQueueDelete
 .text.prvGetDisinheritPriorityAfterTimeout
                0x08009da4       0x30 ./Middlewares/Third_Party/FreeRTOS/Source/queue.o
 .text.prvCopyDataToQueue
                0x08009dd4       0xd4 ./Middlewares/Third_Party/FreeRTOS/Source/queue.o
 .text.prvCopyDataFromQueue
                0x08009ea8       0x4c ./Middlewares/Third_Party/FreeRTOS/Source/queue.o
 .text.prvUnlockQueue
                0x08009ef4       0xa4 ./Middlewares/Third_Party/FreeRTOS/Source/queue.o
 .text.prvIsQueueEmpty
                0x08009f98       0x2c ./Middlewares/Third_Party/FreeRTOS/Source/queue.o
 .text.prvIsQueueFull
                0x08009fc4       0x30 ./Middlewares/Third_Party/FreeRTOS/Source/queue.o
 .text.vQueueAddToRegistry
                0x08009ff4       0x54 ./Middlewares/Third_Party/FreeRTOS/Source/queue.o
                0x08009ff4                vQueueAddToRegistry
 .text.vQueueUnregisterQueue
                0x0800a048       0x54 ./Middlewares/Third_Party/FreeRTOS/Source/queue.o
                0x0800a048                vQueueUnregisterQueue
 .text.vQueueWaitForMessageRestricted
                0x0800a09c       0x68 ./Middlewares/Third_Party/FreeRTOS/Source/queue.o
                0x0800a09c                vQueueWaitForMessageRestricted
 .text.xTaskCreateStatic
                0x0800a104       0xc0 ./Middlewares/Third_Party/FreeRTOS/Source/tasks.o
                0x0800a104                xTaskCreateStatic
 .text.xTaskCreate
                0x0800a1c4       0x8a ./Middlewares/Third_Party/FreeRTOS/Source/tasks.o
                0x0800a1c4                xTaskCreate
 *fill*         0x0800a24e        0x2 
 .text.prvInitialiseNewTask
                0x0800a250      0x150 ./Middlewares/Third_Party/FreeRTOS/Source/tasks.o
 .text.prvAddNewTaskToReadyList
                0x0800a3a0       0xe0 ./Middlewares/Third_Party/FreeRTOS/Source/tasks.o
 .text.vTaskDelay
                0x0800a480       0x6c ./Middlewares/Third_Party/FreeRTOS/Source/tasks.o
                0x0800a480                vTaskDelay
 .text.vTaskStartScheduler
                0x0800a4ec       0xe0 ./Middlewares/Third_Party/FreeRTOS/Source/tasks.o
                0x0800a4ec                vTaskStartScheduler
 .text.vTaskSuspendAll
                0x0800a5cc       0x1c ./Middlewares/Third_Party/FreeRTOS/Source/tasks.o
                0x0800a5cc                vTaskSuspendAll
 .text.xTaskResumeAll
                0x0800a5e8      0x13c ./Middlewares/Third_Party/FreeRTOS/Source/tasks.o
                0x0800a5e8                xTaskResumeAll
 .text.xTaskGetTickCount
                0x0800a724       0x20 ./Middlewares/Third_Party/FreeRTOS/Source/tasks.o
                0x0800a724                xTaskGetTickCount
 .text.xTaskIncrementTick
                0x0800a744      0x174 ./Middlewares/Third_Party/FreeRTOS/Source/tasks.o
                0x0800a744                xTaskIncrementTick
 .text.vTaskSwitchContext
                0x0800a8b8       0xcc ./Middlewares/Third_Party/FreeRTOS/Source/tasks.o
                0x0800a8b8                vTaskSwitchContext
 .text.vTaskPlaceOnEventList
                0x0800a984       0x4c ./Middlewares/Third_Party/FreeRTOS/Source/tasks.o
                0x0800a984                vTaskPlaceOnEventList
 .text.vTaskPlaceOnEventListRestricted
                0x0800a9d0       0x58 ./Middlewares/Third_Party/FreeRTOS/Source/tasks.o
                0x0800a9d0                vTaskPlaceOnEventListRestricted
 .text.xTaskRemoveFromEventList
                0x0800aa28       0xc8 ./Middlewares/Third_Party/FreeRTOS/Source/tasks.o
                0x0800aa28                xTaskRemoveFromEventList
 .text.vTaskInternalSetTimeOutState
                0x0800aaf0       0x2c ./Middlewares/Third_Party/FreeRTOS/Source/tasks.o
                0x0800aaf0                vTaskInternalSetTimeOutState
 .text.xTaskCheckForTimeOut
                0x0800ab1c       0xc8 ./Middlewares/Third_Party/FreeRTOS/Source/tasks.o
                0x0800ab1c                xTaskCheckForTimeOut
 .text.vTaskMissedYield
                0x0800abe4       0x18 ./Middlewares/Third_Party/FreeRTOS/Source/tasks.o
                0x0800abe4                vTaskMissedYield
 .text.prvIdleTask
                0x0800abfc       0x30 ./Middlewares/Third_Party/FreeRTOS/Source/tasks.o
 .text.prvInitialiseTaskLists
                0x0800ac2c       0x80 ./Middlewares/Third_Party/FreeRTOS/Source/tasks.o
 .text.prvCheckTasksWaitingTermination
                0x0800acac       0x5c ./Middlewares/Third_Party/FreeRTOS/Source/tasks.o
 .text.prvDeleteTCB
                0x0800ad08       0x6a ./Middlewares/Third_Party/FreeRTOS/Source/tasks.o
 *fill*         0x0800ad72        0x2 
 .text.prvResetNextTaskUnblockTime
                0x0800ad74       0x40 ./Middlewares/Third_Party/FreeRTOS/Source/tasks.o
 .text.xTaskGetCurrentTaskHandle
                0x0800adb4       0x20 ./Middlewares/Third_Party/FreeRTOS/Source/tasks.o
                0x0800adb4                xTaskGetCurrentTaskHandle
 .text.xTaskGetSchedulerState
                0x0800add4       0x3c ./Middlewares/Third_Party/FreeRTOS/Source/tasks.o
                0x0800add4                xTaskGetSchedulerState
 .text.xTaskPriorityInherit
                0x0800ae10       0xd0 ./Middlewares/Third_Party/FreeRTOS/Source/tasks.o
                0x0800ae10                xTaskPriorityInherit
 .text.xTaskPriorityDisinherit
                0x0800aee0       0xe0 ./Middlewares/Third_Party/FreeRTOS/Source/tasks.o
                0x0800aee0                xTaskPriorityDisinherit
 .text.vTaskPriorityDisinheritAfterTimeout
                0x0800afc0      0x108 ./Middlewares/Third_Party/FreeRTOS/Source/tasks.o
                0x0800afc0                vTaskPriorityDisinheritAfterTimeout
 .text.pvTaskIncrementMutexHeldCount
                0x0800b0c8       0x28 ./Middlewares/Third_Party/FreeRTOS/Source/tasks.o
                0x0800b0c8                pvTaskIncrementMutexHeldCount
 .text.ulTaskNotifyTake
                0x0800b0f0       0x98 ./Middlewares/Third_Party/FreeRTOS/Source/tasks.o
                0x0800b0f0                ulTaskNotifyTake
 .text.xTaskNotifyWait
                0x0800b188       0xc0 ./Middlewares/Third_Party/FreeRTOS/Source/tasks.o
                0x0800b188                xTaskNotifyWait
 .text.xTaskGenericNotify
                0x0800b248      0x184 ./Middlewares/Third_Party/FreeRTOS/Source/tasks.o
                0x0800b248                xTaskGenericNotify
 .text.prvAddCurrentTaskToDelayedList
                0x0800b3cc       0xa8 ./Middlewares/Third_Party/FreeRTOS/Source/tasks.o
 .text.xTimerCreateTimerTask
                0x0800b474       0x94 ./Middlewares/Third_Party/FreeRTOS/Source/timers.o
                0x0800b474                xTimerCreateTimerTask
 .text.xTimerGenericCommand
                0x0800b508       0x9c ./Middlewares/Third_Party/FreeRTOS/Source/timers.o
                0x0800b508                xTimerGenericCommand
 .text.prvProcessExpiredTimer
                0x0800b5a4       0x9c ./Middlewares/Third_Party/FreeRTOS/Source/timers.o
 .text.prvTimerTask
                0x0800b640       0x26 ./Middlewares/Third_Party/FreeRTOS/Source/timers.o
 *fill*         0x0800b666        0x2 
 .text.prvProcessTimerOrBlockTask
                0x0800b668       0x9c ./Middlewares/Third_Party/FreeRTOS/Source/timers.o
 .text.prvGetNextExpireTime
                0x0800b704       0x48 ./Middlewares/Third_Party/FreeRTOS/Source/timers.o
 .text.prvSampleTimeNow
                0x0800b74c       0x40 ./Middlewares/Third_Party/FreeRTOS/Source/timers.o
 .text.prvInsertTimerInActiveList
                0x0800b78c       0x84 ./Middlewares/Third_Party/FreeRTOS/Source/timers.o
 .text.prvProcessReceivedCommands
                0x0800b810      0x1cc ./Middlewares/Third_Party/FreeRTOS/Source/timers.o
 .text.prvSwitchTimerLists
                0x0800b9dc       0xcc ./Middlewares/Third_Party/FreeRTOS/Source/timers.o
 .text.prvCheckForValidListAndQueue
                0x0800baa8       0x80 ./Middlewares/Third_Party/FreeRTOS/Source/timers.o
 .text.pxPortInitialiseStack
                0x0800bb28       0x68 ./Middlewares/Third_Party/FreeRTOS/Source/portable/GCC/ARM_CM4F/port.o
                0x0800bb28                pxPortInitialiseStack
 .text.prvTaskExitError
                0x0800bb90       0x5c ./Middlewares/Third_Party/FreeRTOS/Source/portable/GCC/ARM_CM4F/port.o
 *fill*         0x0800bbec        0x4 
 .text.SVC_Handler
                0x0800bbf0       0x28 ./Middlewares/Third_Party/FreeRTOS/Source/portable/GCC/ARM_CM4F/port.o
                0x0800bbf0                SVC_Handler
 .text.prvPortStartFirstTask
                0x0800bc18       0x28 ./Middlewares/Third_Party/FreeRTOS/Source/portable/GCC/ARM_CM4F/port.o
 .text.xPortStartScheduler
                0x0800bc40      0x148 ./Middlewares/Third_Party/FreeRTOS/Source/portable/GCC/ARM_CM4F/port.o
                0x0800bc40                xPortStartScheduler
 .text.vPortEnterCritical
                0x0800bd88       0x64 ./Middlewares/Third_Party/FreeRTOS/Source/portable/GCC/ARM_CM4F/port.o
                0x0800bd88                vPortEnterCritical
 .text.vPortExitCritical
                0x0800bdec       0x54 ./Middlewares/Third_Party/FreeRTOS/Source/portable/GCC/ARM_CM4F/port.o
                0x0800bdec                vPortExitCritical
 .text.PendSV_Handler
                0x0800be40       0x68 ./Middlewares/Third_Party/FreeRTOS/Source/portable/GCC/ARM_CM4F/port.o
                0x0800be40                PendSV_Handler
 .text.xPortSysTickHandler
                0x0800bea8       0x44 ./Middlewares/Third_Party/FreeRTOS/Source/portable/GCC/ARM_CM4F/port.o
                0x0800bea8                xPortSysTickHandler
 .text.vPortSetupTimerInterrupt
                0x0800beec       0x48 ./Middlewares/Third_Party/FreeRTOS/Source/portable/GCC/ARM_CM4F/port.o
                0x0800beec                vPortSetupTimerInterrupt
 .text.vPortEnableVFP
                0x0800bf34       0x14 ./Middlewares/Third_Party/FreeRTOS/Source/portable/GCC/ARM_CM4F/port.o
 .text.vPortValidateInterruptPriority
                0x0800bf48       0x84 ./Middlewares/Third_Party/FreeRTOS/Source/portable/GCC/ARM_CM4F/port.o
                0x0800bf48                vPortValidateInterruptPriority
 .text.pvPortMalloc
                0x0800bfcc      0x19c ./Middlewares/Third_Party/FreeRTOS/Source/portable/MemMang/heap_4.o
                0x0800bfcc                pvPortMalloc
 .text.vPortFree
                0x0800c168       0xc8 ./Middlewares/Third_Party/FreeRTOS/Source/portable/MemMang/heap_4.o
                0x0800c168                vPortFree
 .text.prvHeapInit
                0x0800c230       0xc4 ./Middlewares/Third_Party/FreeRTOS/Source/portable/MemMang/heap_4.o
 .text.prvInsertBlockIntoFreeList
                0x0800c2f4       0xb4 ./Middlewares/Third_Party/FreeRTOS/Source/portable/MemMang/heap_4.o
 .text.__cvt    0x0800c3a8       0xca C:/ST/STM32CubeIDE_1.17.0/STM32CubeIDE/plugins/com.st.stm32cube.ide.mcu.externaltools.gnu-tools-for-stm32.12.3.rel1.win32_1.1.0.202410251130/tools/bin/../lib/gcc/arm-none-eabi/12.3.1/../../../../arm-none-eabi/lib/thumb/v7e-m+fp/hard\libc_nano.a(libc_a-nano-vfprintf_float.o)
                0x0800c3a8                __cvt
 .text.__exponent
                0x0800c472       0x74 C:/ST/STM32CubeIDE_1.17.0/STM32CubeIDE/plugins/com.st.stm32cube.ide.mcu.externaltools.gnu-tools-for-stm32.12.3.rel1.win32_1.1.0.202410251130/tools/bin/../lib/gcc/arm-none-eabi/12.3.1/../../../../arm-none-eabi/lib/thumb/v7e-m+fp/hard\libc_nano.a(libc_a-nano-vfprintf_float.o)
                0x0800c472                __exponent
 *fill*         0x0800c4e6        0x2 
 .text._printf_float
                0x0800c4e8      0x454 C:/ST/STM32CubeIDE_1.17.0/STM32CubeIDE/plugins/com.st.stm32cube.ide.mcu.externaltools.gnu-tools-for-stm32.12.3.rel1.win32_1.1.0.202410251130/tools/bin/../lib/gcc/arm-none-eabi/12.3.1/../../../../arm-none-eabi/lib/thumb/v7e-m+fp/hard\libc_nano.a(libc_a-nano-vfprintf_float.o)
                0x0800c4e8                _printf_float
 .text._printf_common
                0x0800c93c       0xda C:/ST/STM32CubeIDE_1.17.0/STM32CubeIDE/plugins/com.st.stm32cube.ide.mcu.externaltools.gnu-tools-for-stm32.12.3.rel1.win32_1.1.0.202410251130/tools/bin/../lib/gcc/arm-none-eabi/12.3.1/../../../../arm-none-eabi/lib/thumb/v7e-m+fp/hard\libc_nano.a(libc_a-nano-vfprintf_i.o)
                0x0800c93c                _printf_common
 *fill*         0x0800ca16        0x2 
 .text._printf_i
                0x0800ca18      0x240 C:/ST/STM32CubeIDE_1.17.0/STM32CubeIDE/plugins/com.st.stm32cube.ide.mcu.externaltools.gnu-tools-for-stm32.12.3.rel1.win32_1.1.0.202410251130/tools/bin/../lib/gcc/arm-none-eabi/12.3.1/../../../../arm-none-eabi/lib/thumb/v7e-m+fp/hard\libc_nano.a(libc_a-nano-vfprintf_i.o)
                0x0800ca18                _printf_i
 .text.std      0x0800cc58       0x6c C:/ST/STM32CubeIDE_1.17.0/STM32CubeIDE/plugins/com.st.stm32cube.ide.mcu.externaltools.gnu-tools-for-stm32.12.3.rel1.win32_1.1.0.202410251130/tools/bin/../lib/gcc/arm-none-eabi/12.3.1/../../../../arm-none-eabi/lib/thumb/v7e-m+fp/hard\libc_nano.a(libc_a-findfp.o)
 .text.stdio_exit_handler
                0x0800ccc4       0x18 C:/ST/STM32CubeIDE_1.17.0/STM32CubeIDE/plugins/com.st.stm32cube.ide.mcu.externaltools.gnu-tools-for-stm32.12.3.rel1.win32_1.1.0.202410251130/tools/bin/../lib/gcc/arm-none-eabi/12.3.1/../../../../arm-none-eabi/lib/thumb/v7e-m+fp/hard\libc_nano.a(libc_a-findfp.o)
 .text.cleanup_stdio
                0x0800ccdc       0x40 C:/ST/STM32CubeIDE_1.17.0/STM32CubeIDE/plugins/com.st.stm32cube.ide.mcu.externaltools.gnu-tools-for-stm32.12.3.rel1.win32_1.1.0.202410251130/tools/bin/../lib/gcc/arm-none-eabi/12.3.1/../../../../arm-none-eabi/lib/thumb/v7e-m+fp/hard\libc_nano.a(libc_a-findfp.o)
 .text.global_stdio_init.part.0
                0x0800cd1c       0x3c C:/ST/STM32CubeIDE_1.17.0/STM32CubeIDE/plugins/com.st.stm32cube.ide.mcu.externaltools.gnu-tools-for-stm32.12.3.rel1.win32_1.1.0.202410251130/tools/bin/../lib/gcc/arm-none-eabi/12.3.1/../../../../arm-none-eabi/lib/thumb/v7e-m+fp/hard\libc_nano.a(libc_a-findfp.o)
 .text.__sfp_lock_acquire
                0x0800cd58        0xc C:/ST/STM32CubeIDE_1.17.0/STM32CubeIDE/plugins/com.st.stm32cube.ide.mcu.externaltools.gnu-tools-for-stm32.12.3.rel1.win32_1.1.0.202410251130/tools/bin/../lib/gcc/arm-none-eabi/12.3.1/../../../../arm-none-eabi/lib/thumb/v7e-m+fp/hard\libc_nano.a(libc_a-findfp.o)
                0x0800cd58                __sfp_lock_acquire
 .text.__sfp_lock_release
                0x0800cd64        0xc C:/ST/STM32CubeIDE_1.17.0/STM32CubeIDE/plugins/com.st.stm32cube.ide.mcu.externaltools.gnu-tools-for-stm32.12.3.rel1.win32_1.1.0.202410251130/tools/bin/../lib/gcc/arm-none-eabi/12.3.1/../../../../arm-none-eabi/lib/thumb/v7e-m+fp/hard\libc_nano.a(libc_a-findfp.o)
                0x0800cd64                __sfp_lock_release
 .text.__sinit  0x0800cd70       0x30 C:/ST/STM32CubeIDE_1.17.0/STM32CubeIDE/plugins/com.st.stm32cube.ide.mcu.externaltools.gnu-tools-for-stm32.12.3.rel1.win32_1.1.0.202410251130/tools/bin/../lib/gcc/arm-none-eabi/12.3.1/../../../../arm-none-eabi/lib/thumb/v7e-m+fp/hard\libc_nano.a(libc_a-findfp.o)
                0x0800cd70                __sinit
 .text._fwalk_sglue
                0x0800cda0       0x3c C:/ST/STM32CubeIDE_1.17.0/STM32CubeIDE/plugins/com.st.stm32cube.ide.mcu.externaltools.gnu-tools-for-stm32.12.3.rel1.win32_1.1.0.202410251130/tools/bin/../lib/gcc/arm-none-eabi/12.3.1/../../../../arm-none-eabi/lib/thumb/v7e-m+fp/hard\libc_nano.a(libc_a-fwalk.o)
                0x0800cda0                _fwalk_sglue
 .text.snprintf
                0x0800cddc       0x68 C:/ST/STM32CubeIDE_1.17.0/STM32CubeIDE/plugins/com.st.stm32cube.ide.mcu.externaltools.gnu-tools-for-stm32.12.3.rel1.win32_1.1.0.202410251130/tools/bin/../lib/gcc/arm-none-eabi/12.3.1/../../../../arm-none-eabi/lib/thumb/v7e-m+fp/hard\libc_nano.a(libc_a-snprintf.o)
                0x0800cddc                sniprintf
                0x0800cddc                snprintf
 .text.__sread  0x0800ce44       0x22 C:/ST/STM32CubeIDE_1.17.0/STM32CubeIDE/plugins/com.st.stm32cube.ide.mcu.externaltools.gnu-tools-for-stm32.12.3.rel1.win32_1.1.0.202410251130/tools/bin/../lib/gcc/arm-none-eabi/12.3.1/../../../../arm-none-eabi/lib/thumb/v7e-m+fp/hard\libc_nano.a(libc_a-stdio.o)
                0x0800ce44                __sread
 .text.__swrite
                0x0800ce66       0x38 C:/ST/STM32CubeIDE_1.17.0/STM32CubeIDE/plugins/com.st.stm32cube.ide.mcu.externaltools.gnu-tools-for-stm32.12.3.rel1.win32_1.1.0.202410251130/tools/bin/../lib/gcc/arm-none-eabi/12.3.1/../../../../arm-none-eabi/lib/thumb/v7e-m+fp/hard\libc_nano.a(libc_a-stdio.o)
                0x0800ce66                __swrite
 .text.__sseek  0x0800ce9e       0x24 C:/ST/STM32CubeIDE_1.17.0/STM32CubeIDE/plugins/com.st.stm32cube.ide.mcu.externaltools.gnu-tools-for-stm32.12.3.rel1.win32_1.1.0.202410251130/tools/bin/../lib/gcc/arm-none-eabi/12.3.1/../../../../arm-none-eabi/lib/thumb/v7e-m+fp/hard\libc_nano.a(libc_a-stdio.o)
                0x0800ce9e                __sseek
 .text.__sclose
                0x0800cec2        0x8 C:/ST/STM32CubeIDE_1.17.0/STM32CubeIDE/plugins/com.st.stm32cube.ide.mcu.externaltools.gnu-tools-for-stm32.12.3.rel1.win32_1.1.0.202410251130/tools/bin/../lib/gcc/arm-none-eabi/12.3.1/../../../../arm-none-eabi/lib/thumb/v7e-m+fp/hard\libc_nano.a(libc_a-stdio.o)
                0x0800cec2                __sclose
 .text.memset   0x0800ceca       0x10 C:/ST/STM32CubeIDE_1.17.0/STM32CubeIDE/plugins/com.st.stm32cube.ide.mcu.externaltools.gnu-tools-for-stm32.12.3.rel1.win32_1.1.0.202410251130/tools/bin/../lib/gcc/arm-none-eabi/12.3.1/../../../../arm-none-eabi/lib/thumb/v7e-m+fp/hard\libc_nano.a(libc_a-memset.o)
                0x0800ceca                memset
 *fill*         0x0800ceda        0x2 
 .text._localeconv_r
                0x0800cedc        0x8 C:/ST/STM32CubeIDE_1.17.0/STM32CubeIDE/plugins/com.st.stm32cube.ide.mcu.externaltools.gnu-tools-for-stm32.12.3.rel1.win32_1.1.0.202410251130/tools/bin/../lib/gcc/arm-none-eabi/12.3.1/../../../../arm-none-eabi/lib/thumb/v7e-m+fp/hard\libc_nano.a(libc_a-localeconv.o)
                0x0800cedc                _localeconv_r
 .text._close_r
                0x0800cee4       0x20 C:/ST/STM32CubeIDE_1.17.0/STM32CubeIDE/plugins/com.st.stm32cube.ide.mcu.externaltools.gnu-tools-for-stm32.12.3.rel1.win32_1.1.0.202410251130/tools/bin/../lib/gcc/arm-none-eabi/12.3.1/../../../../arm-none-eabi/lib/thumb/v7e-m+fp/hard\libc_nano.a(libc_a-closer.o)
                0x0800cee4                _close_r
 .text._reclaim_reent
                0x0800cf04       0xac C:/ST/STM32CubeIDE_1.17.0/STM32CubeIDE/plugins/com.st.stm32cube.ide.mcu.externaltools.gnu-tools-for-stm32.12.3.rel1.win32_1.1.0.202410251130/tools/bin/../lib/gcc/arm-none-eabi/12.3.1/../../../../arm-none-eabi/lib/thumb/v7e-m+fp/hard\libc_nano.a(libc_a-reent.o)
                0x0800cf04                _reclaim_reent
 .text._lseek_r
                0x0800cfb0       0x24 C:/ST/STM32CubeIDE_1.17.0/STM32CubeIDE/plugins/com.st.stm32cube.ide.mcu.externaltools.gnu-tools-for-stm32.12.3.rel1.win32_1.1.0.202410251130/tools/bin/../lib/gcc/arm-none-eabi/12.3.1/../../../../arm-none-eabi/lib/thumb/v7e-m+fp/hard\libc_nano.a(libc_a-lseekr.o)
                0x0800cfb0                _lseek_r
 .text._read_r  0x0800cfd4       0x24 C:/ST/STM32CubeIDE_1.17.0/STM32CubeIDE/plugins/com.st.stm32cube.ide.mcu.externaltools.gnu-tools-for-stm32.12.3.rel1.win32_1.1.0.202410251130/tools/bin/../lib/gcc/arm-none-eabi/12.3.1/../../../../arm-none-eabi/lib/thumb/v7e-m+fp/hard\libc_nano.a(libc_a-readr.o)
                0x0800cfd4                _read_r
 .text._write_r
                0x0800cff8       0x24 C:/ST/STM32CubeIDE_1.17.0/STM32CubeIDE/plugins/com.st.stm32cube.ide.mcu.externaltools.gnu-tools-for-stm32.12.3.rel1.win32_1.1.0.202410251130/tools/bin/../lib/gcc/arm-none-eabi/12.3.1/../../../../arm-none-eabi/lib/thumb/v7e-m+fp/hard\libc_nano.a(libc_a-writer.o)
                0x0800cff8                _write_r
 .text.__errno  0x0800d01c        0xc C:/ST/STM32CubeIDE_1.17.0/STM32CubeIDE/plugins/com.st.stm32cube.ide.mcu.externaltools.gnu-tools-for-stm32.12.3.rel1.win32_1.1.0.202410251130/tools/bin/../lib/gcc/arm-none-eabi/12.3.1/../../../../arm-none-eabi/lib/thumb/v7e-m+fp/hard\libc_nano.a(libc_a-errno.o)
                0x0800d01c                __errno
 .text.__libc_init_array
                0x0800d028       0x48 C:/ST/STM32CubeIDE_1.17.0/STM32CubeIDE/plugins/com.st.stm32cube.ide.mcu.externaltools.gnu-tools-for-stm32.12.3.rel1.win32_1.1.0.202410251130/tools/bin/../lib/gcc/arm-none-eabi/12.3.1/../../../../arm-none-eabi/lib/thumb/v7e-m+fp/hard\libc_nano.a(libc_a-init.o)
                0x0800d028                __libc_init_array
 .text.__retarget_lock_init_recursive
                0x0800d070        0x2 C:/ST/STM32CubeIDE_1.17.0/STM32CubeIDE/plugins/com.st.stm32cube.ide.mcu.externaltools.gnu-tools-for-stm32.12.3.rel1.win32_1.1.0.202410251130/tools/bin/../lib/gcc/arm-none-eabi/12.3.1/../../../../arm-none-eabi/lib/thumb/v7e-m+fp/hard\libc_nano.a(libc_a-lock.o)
                0x0800d070                __retarget_lock_init_recursive
 .text.__retarget_lock_acquire_recursive
                0x0800d072        0x2 C:/ST/STM32CubeIDE_1.17.0/STM32CubeIDE/plugins/com.st.stm32cube.ide.mcu.externaltools.gnu-tools-for-stm32.12.3.rel1.win32_1.1.0.202410251130/tools/bin/../lib/gcc/arm-none-eabi/12.3.1/../../../../arm-none-eabi/lib/thumb/v7e-m+fp/hard\libc_nano.a(libc_a-lock.o)
                0x0800d072                __retarget_lock_acquire_recursive
 .text.__retarget_lock_release_recursive
                0x0800d074        0x2 C:/ST/STM32CubeIDE_1.17.0/STM32CubeIDE/plugins/com.st.stm32cube.ide.mcu.externaltools.gnu-tools-for-stm32.12.3.rel1.win32_1.1.0.202410251130/tools/bin/../lib/gcc/arm-none-eabi/12.3.1/../../../../arm-none-eabi/lib/thumb/v7e-m+fp/hard\libc_nano.a(libc_a-lock.o)
                0x0800d074                __retarget_lock_release_recursive
 .text.memcpy   0x0800d076       0x1c C:/ST/STM32CubeIDE_1.17.0/STM32CubeIDE/plugins/com.st.stm32cube.ide.mcu.externaltools.gnu-tools-for-stm32.12.3.rel1.win32_1.1.0.202410251130/tools/bin/../lib/gcc/arm-none-eabi/12.3.1/../../../../arm-none-eabi/lib/thumb/v7e-m+fp/hard\libc_nano.a(libc_a-memcpy-stub.o)
                0x0800d076                memcpy
 .text.quorem   0x0800d092      0x110 C:/ST/STM32CubeIDE_1.17.0/STM32CubeIDE/plugins/com.st.stm32cube.ide.mcu.externaltools.gnu-tools-for-stm32.12.3.rel1.win32_1.1.0.202410251130/tools/bin/../lib/gcc/arm-none-eabi/12.3.1/../../../../arm-none-eabi/lib/thumb/v7e-m+fp/hard\libc_nano.a(libc_a-dtoa.o)
 *fill*         0x0800d1a2        0x6 
 .text._dtoa_r  0x0800d1a8      0xb88 C:/ST/STM32CubeIDE_1.17.0/STM32CubeIDE/plugins/com.st.stm32cube.ide.mcu.externaltools.gnu-tools-for-stm32.12.3.rel1.win32_1.1.0.202410251130/tools/bin/../lib/gcc/arm-none-eabi/12.3.1/../../../../arm-none-eabi/lib/thumb/v7e-m+fp/hard\libc_nano.a(libc_a-dtoa.o)
                0x0800d1a8                _dtoa_r
 .text._free_r  0x0800dd30       0x94 C:/ST/STM32CubeIDE_1.17.0/STM32CubeIDE/plugins/com.st.stm32cube.ide.mcu.externaltools.gnu-tools-for-stm32.12.3.rel1.win32_1.1.0.202410251130/tools/bin/../lib/gcc/arm-none-eabi/12.3.1/../../../../arm-none-eabi/lib/thumb/v7e-m+fp/hard\libc_nano.a(libc_a-freer.o)
                0x0800dd30                _free_r
 .text.malloc   0x0800ddc4       0x10 C:/ST/STM32CubeIDE_1.17.0/STM32CubeIDE/plugins/com.st.stm32cube.ide.mcu.externaltools.gnu-tools-for-stm32.12.3.rel1.win32_1.1.0.202410251130/tools/bin/../lib/gcc/arm-none-eabi/12.3.1/../../../../arm-none-eabi/lib/thumb/v7e-m+fp/hard\libc_nano.a(libc_a-malloc.o)
                0x0800ddc4                malloc
 .text.sbrk_aligned
                0x0800ddd4       0x44 C:/ST/STM32CubeIDE_1.17.0/STM32CubeIDE/plugins/com.st.stm32cube.ide.mcu.externaltools.gnu-tools-for-stm32.12.3.rel1.win32_1.1.0.202410251130/tools/bin/../lib/gcc/arm-none-eabi/12.3.1/../../../../arm-none-eabi/lib/thumb/v7e-m+fp/hard\libc_nano.a(libc_a-mallocr.o)
 .text._malloc_r
                0x0800de18      0x100 C:/ST/STM32CubeIDE_1.17.0/STM32CubeIDE/plugins/com.st.stm32cube.ide.mcu.externaltools.gnu-tools-for-stm32.12.3.rel1.win32_1.1.0.202410251130/tools/bin/../lib/gcc/arm-none-eabi/12.3.1/../../../../arm-none-eabi/lib/thumb/v7e-m+fp/hard\libc_nano.a(libc_a-mallocr.o)
                0x0800de18                _malloc_r
 .text.__malloc_lock
                0x0800df18        0xc C:/ST/STM32CubeIDE_1.17.0/STM32CubeIDE/plugins/com.st.stm32cube.ide.mcu.externaltools.gnu-tools-for-stm32.12.3.rel1.win32_1.1.0.202410251130/tools/bin/../lib/gcc/arm-none-eabi/12.3.1/../../../../arm-none-eabi/lib/thumb/v7e-m+fp/hard\libc_nano.a(libc_a-mlock.o)
                0x0800df18                __malloc_lock
 .text.__malloc_unlock
                0x0800df24        0xc C:/ST/STM32CubeIDE_1.17.0/STM32CubeIDE/plugins/com.st.stm32cube.ide.mcu.externaltools.gnu-tools-for-stm32.12.3.rel1.win32_1.1.0.202410251130/tools/bin/../lib/gcc/arm-none-eabi/12.3.1/../../../../arm-none-eabi/lib/thumb/v7e-m+fp/hard\libc_nano.a(libc_a-mlock.o)
                0x0800df24                __malloc_unlock
 .text._Balloc  0x0800df30       0x80 C:/ST/STM32CubeIDE_1.17.0/STM32CubeIDE/plugins/com.st.stm32cube.ide.mcu.externaltools.gnu-tools-for-stm32.12.3.rel1.win32_1.1.0.202410251130/tools/bin/../lib/gcc/arm-none-eabi/12.3.1/../../../../arm-none-eabi/lib/thumb/v7e-m+fp/hard\libc_nano.a(libc_a-mprec.o)
                0x0800df30                _Balloc
 .text._Bfree   0x0800dfb0       0x44 C:/ST/STM32CubeIDE_1.17.0/STM32CubeIDE/plugins/com.st.stm32cube.ide.mcu.externaltools.gnu-tools-for-stm32.12.3.rel1.win32_1.1.0.202410251130/tools/bin/../lib/gcc/arm-none-eabi/12.3.1/../../../../arm-none-eabi/lib/thumb/v7e-m+fp/hard\libc_nano.a(libc_a-mprec.o)
                0x0800dfb0                _Bfree
 .text.__multadd
                0x0800dff4       0x8c C:/ST/STM32CubeIDE_1.17.0/STM32CubeIDE/plugins/com.st.stm32cube.ide.mcu.externaltools.gnu-tools-for-stm32.12.3.rel1.win32_1.1.0.202410251130/tools/bin/../lib/gcc/arm-none-eabi/12.3.1/../../../../arm-none-eabi/lib/thumb/v7e-m+fp/hard\libc_nano.a(libc_a-mprec.o)
                0x0800dff4                __multadd
 .text.__hi0bits
                0x0800e080       0x3e C:/ST/STM32CubeIDE_1.17.0/STM32CubeIDE/plugins/com.st.stm32cube.ide.mcu.externaltools.gnu-tools-for-stm32.12.3.rel1.win32_1.1.0.202410251130/tools/bin/../lib/gcc/arm-none-eabi/12.3.1/../../../../arm-none-eabi/lib/thumb/v7e-m+fp/hard\libc_nano.a(libc_a-mprec.o)
                0x0800e080                __hi0bits
 .text.__lo0bits
                0x0800e0be       0x5a C:/ST/STM32CubeIDE_1.17.0/STM32CubeIDE/plugins/com.st.stm32cube.ide.mcu.externaltools.gnu-tools-for-stm32.12.3.rel1.win32_1.1.0.202410251130/tools/bin/../lib/gcc/arm-none-eabi/12.3.1/../../../../arm-none-eabi/lib/thumb/v7e-m+fp/hard\libc_nano.a(libc_a-mprec.o)
                0x0800e0be                __lo0bits
 .text.__i2b    0x0800e118       0x2c C:/ST/STM32CubeIDE_1.17.0/STM32CubeIDE/plugins/com.st.stm32cube.ide.mcu.externaltools.gnu-tools-for-stm32.12.3.rel1.win32_1.1.0.202410251130/tools/bin/../lib/gcc/arm-none-eabi/12.3.1/../../../../arm-none-eabi/lib/thumb/v7e-m+fp/hard\libc_nano.a(libc_a-mprec.o)
                0x0800e118                __i2b
 .text.__multiply
                0x0800e144      0x154 C:/ST/STM32CubeIDE_1.17.0/STM32CubeIDE/plugins/com.st.stm32cube.ide.mcu.externaltools.gnu-tools-for-stm32.12.3.rel1.win32_1.1.0.202410251130/tools/bin/../lib/gcc/arm-none-eabi/12.3.1/../../../../arm-none-eabi/lib/thumb/v7e-m+fp/hard\libc_nano.a(libc_a-mprec.o)
                0x0800e144                __multiply
 .text.__pow5mult
                0x0800e298       0xb4 C:/ST/STM32CubeIDE_1.17.0/STM32CubeIDE/plugins/com.st.stm32cube.ide.mcu.externaltools.gnu-tools-for-stm32.12.3.rel1.win32_1.1.0.202410251130/tools/bin/../lib/gcc/arm-none-eabi/12.3.1/../../../../arm-none-eabi/lib/thumb/v7e-m+fp/hard\libc_nano.a(libc_a-mprec.o)
                0x0800e298                __pow5mult
 .text.__lshift
                0x0800e34c       0xd8 C:/ST/STM32CubeIDE_1.17.0/STM32CubeIDE/plugins/com.st.stm32cube.ide.mcu.externaltools.gnu-tools-for-stm32.12.3.rel1.win32_1.1.0.202410251130/tools/bin/../lib/gcc/arm-none-eabi/12.3.1/../../../../arm-none-eabi/lib/thumb/v7e-m+fp/hard\libc_nano.a(libc_a-mprec.o)
                0x0800e34c                __lshift
 .text.__mcmp   0x0800e424       0x36 C:/ST/STM32CubeIDE_1.17.0/STM32CubeIDE/plugins/com.st.stm32cube.ide.mcu.externaltools.gnu-tools-for-stm32.12.3.rel1.win32_1.1.0.202410251130/tools/bin/../lib/gcc/arm-none-eabi/12.3.1/../../../../arm-none-eabi/lib/thumb/v7e-m+fp/hard\libc_nano.a(libc_a-mprec.o)
                0x0800e424                __mcmp
 *fill*         0x0800e45a        0x2 
 .text.__mdiff  0x0800e45c      0x128 C:/ST/STM32CubeIDE_1.17.0/STM32CubeIDE/plugins/com.st.stm32cube.ide.mcu.externaltools.gnu-tools-for-stm32.12.3.rel1.win32_1.1.0.202410251130/tools/bin/../lib/gcc/arm-none-eabi/12.3.1/../../../../arm-none-eabi/lib/thumb/v7e-m+fp/hard\libc_nano.a(libc_a-mprec.o)
                0x0800e45c                __mdiff
 .text.__d2b    0x0800e584       0xb0 C:/ST/STM32CubeIDE_1.17.0/STM32CubeIDE/plugins/com.st.stm32cube.ide.mcu.externaltools.gnu-tools-for-stm32.12.3.rel1.win32_1.1.0.202410251130/tools/bin/../lib/gcc/arm-none-eabi/12.3.1/../../../../arm-none-eabi/lib/thumb/v7e-m+fp/hard\libc_nano.a(libc_a-mprec.o)
                0x0800e584                __d2b
 .text.__ssputs_r
                0x0800e634       0xb6 C:/ST/STM32CubeIDE_1.17.0/STM32CubeIDE/plugins/com.st.stm32cube.ide.mcu.externaltools.gnu-tools-for-stm32.12.3.rel1.win32_1.1.0.202410251130/tools/bin/../lib/gcc/arm-none-eabi/12.3.1/../../../../arm-none-eabi/lib/thumb/v7e-m+fp/hard\libc_nano.a(libc_a-nano-svfprintf.o)
                0x0800e634                __ssputs_r
 *fill*         0x0800e6ea        0x2 
 .text._svfprintf_r
                0x0800e6ec      0x1f8 C:/ST/STM32CubeIDE_1.17.0/STM32CubeIDE/plugins/com.st.stm32cube.ide.mcu.externaltools.gnu-tools-for-stm32.12.3.rel1.win32_1.1.0.202410251130/tools/bin/../lib/gcc/arm-none-eabi/12.3.1/../../../../arm-none-eabi/lib/thumb/v7e-m+fp/hard\libc_nano.a(libc_a-nano-svfprintf.o)
                0x0800e6ec                _svfiprintf_r
                0x0800e6ec                _svfprintf_r
 .text.__sflush_r
                0x0800e8e4      0x108 C:/ST/STM32CubeIDE_1.17.0/STM32CubeIDE/plugins/com.st.stm32cube.ide.mcu.externaltools.gnu-tools-for-stm32.12.3.rel1.win32_1.1.0.202410251130/tools/bin/../lib/gcc/arm-none-eabi/12.3.1/../../../../arm-none-eabi/lib/thumb/v7e-m+fp/hard\libc_nano.a(libc_a-fflush.o)
                0x0800e8e4                __sflush_r
 .text._fflush_r
                0x0800e9ec       0x50 C:/ST/STM32CubeIDE_1.17.0/STM32CubeIDE/plugins/com.st.stm32cube.ide.mcu.externaltools.gnu-tools-for-stm32.12.3.rel1.win32_1.1.0.202410251130/tools/bin/../lib/gcc/arm-none-eabi/12.3.1/../../../../arm-none-eabi/lib/thumb/v7e-m+fp/hard\libc_nano.a(libc_a-fflush.o)
                0x0800e9ec                _fflush_r
 .text.memmove  0x0800ea3c       0x34 C:/ST/STM32CubeIDE_1.17.0/STM32CubeIDE/plugins/com.st.stm32cube.ide.mcu.externaltools.gnu-tools-for-stm32.12.3.rel1.win32_1.1.0.202410251130/tools/bin/../lib/gcc/arm-none-eabi/12.3.1/../../../../arm-none-eabi/lib/thumb/v7e-m+fp/hard\libc_nano.a(libc_a-memmove.o)
                0x0800ea3c                memmove
 .text._sbrk_r  0x0800ea70       0x20 C:/ST/STM32CubeIDE_1.17.0/STM32CubeIDE/plugins/com.st.stm32cube.ide.mcu.externaltools.gnu-tools-for-stm32.12.3.rel1.win32_1.1.0.202410251130/tools/bin/../lib/gcc/arm-none-eabi/12.3.1/../../../../arm-none-eabi/lib/thumb/v7e-m+fp/hard\libc_nano.a(libc_a-sbrkr.o)
                0x0800ea70                _sbrk_r
 .text.__assert_func
                0x0800ea90       0x3c C:/ST/STM32CubeIDE_1.17.0/STM32CubeIDE/plugins/com.st.stm32cube.ide.mcu.externaltools.gnu-tools-for-stm32.12.3.rel1.win32_1.1.0.202410251130/tools/bin/../lib/gcc/arm-none-eabi/12.3.1/../../../../arm-none-eabi/lib/thumb/v7e-m+fp/hard\libc_nano.a(libc_a-assert.o)
                0x0800ea90                __assert_func
 .text._calloc_r
                0x0800eacc       0x28 C:/ST/STM32CubeIDE_1.17.0/STM32CubeIDE/plugins/com.st.stm32cube.ide.mcu.externaltools.gnu-tools-for-stm32.12.3.rel1.win32_1.1.0.202410251130/tools/bin/../lib/gcc/arm-none-eabi/12.3.1/../../../../arm-none-eabi/lib/thumb/v7e-m+fp/hard\libc_nano.a(libc_a-callocr.o)
                0x0800eacc                _calloc_r
 .text.__ascii_mbtowc
                0x0800eaf4       0x24 C:/ST/STM32CubeIDE_1.17.0/STM32CubeIDE/plugins/com.st.stm32cube.ide.mcu.externaltools.gnu-tools-for-stm32.12.3.rel1.win32_1.1.0.202410251130/tools/bin/../lib/gcc/arm-none-eabi/12.3.1/../../../../arm-none-eabi/lib/thumb/v7e-m+fp/hard\libc_nano.a(libc_a-mbtowc_r.o)
                0x0800eaf4                __ascii_mbtowc
 .text._realloc_r
                0x0800eb18       0x5c C:/ST/STM32CubeIDE_1.17.0/STM32CubeIDE/plugins/com.st.stm32cube.ide.mcu.externaltools.gnu-tools-for-stm32.12.3.rel1.win32_1.1.0.202410251130/tools/bin/../lib/gcc/arm-none-eabi/12.3.1/../../../../arm-none-eabi/lib/thumb/v7e-m+fp/hard\libc_nano.a(libc_a-reallocr.o)
                0x0800eb18                _realloc_r
 .text.__ascii_wctomb
                0x0800eb74       0x1a C:/ST/STM32CubeIDE_1.17.0/STM32CubeIDE/plugins/com.st.stm32cube.ide.mcu.externaltools.gnu-tools-for-stm32.12.3.rel1.win32_1.1.0.202410251130/tools/bin/../lib/gcc/arm-none-eabi/12.3.1/../../../../arm-none-eabi/lib/thumb/v7e-m+fp/hard\libc_nano.a(libc_a-wctomb_r.o)
                0x0800eb74                __ascii_wctomb
 *fill*         0x0800eb8e        0x2 
 .text.fprintf  0x0800eb90       0x24 C:/ST/STM32CubeIDE_1.17.0/STM32CubeIDE/plugins/com.st.stm32cube.ide.mcu.externaltools.gnu-tools-for-stm32.12.3.rel1.win32_1.1.0.202410251130/tools/bin/../lib/gcc/arm-none-eabi/12.3.1/../../../../arm-none-eabi/lib/thumb/v7e-m+fp/hard\libc_nano.a(libc_a-fprintf.o)
                0x0800eb90                fiprintf
                0x0800eb90                fprintf
 .text.abort    0x0800ebb4        0xe C:/ST/STM32CubeIDE_1.17.0/STM32CubeIDE/plugins/com.st.stm32cube.ide.mcu.externaltools.gnu-tools-for-stm32.12.3.rel1.win32_1.1.0.202410251130/tools/bin/../lib/gcc/arm-none-eabi/12.3.1/../../../../arm-none-eabi/lib/thumb/v7e-m+fp/hard\libc_nano.a(libc_a-abort.o)
                0x0800ebb4                abort
 .text._malloc_usable_size_r
                0x0800ebc2       0x10 C:/ST/STM32CubeIDE_1.17.0/STM32CubeIDE/plugins/com.st.stm32cube.ide.mcu.externaltools.gnu-tools-for-stm32.12.3.rel1.win32_1.1.0.202410251130/tools/bin/../lib/gcc/arm-none-eabi/12.3.1/../../../../arm-none-eabi/lib/thumb/v7e-m+fp/hard\libc_nano.a(libc_a-msizer.o)
                0x0800ebc2                _malloc_usable_size_r
 .text.__sfputc_r
                0x0800ebd2       0x2e C:/ST/STM32CubeIDE_1.17.0/STM32CubeIDE/plugins/com.st.stm32cube.ide.mcu.externaltools.gnu-tools-for-stm32.12.3.rel1.win32_1.1.0.202410251130/tools/bin/../lib/gcc/arm-none-eabi/12.3.1/../../../../arm-none-eabi/lib/thumb/v7e-m+fp/hard\libc_nano.a(libc_a-nano-vfprintf.o)
 .text.__sfputs_r
                0x0800ec00       0x24 C:/ST/STM32CubeIDE_1.17.0/STM32CubeIDE/plugins/com.st.stm32cube.ide.mcu.externaltools.gnu-tools-for-stm32.12.3.rel1.win32_1.1.0.202410251130/tools/bin/../lib/gcc/arm-none-eabi/12.3.1/../../../../arm-none-eabi/lib/thumb/v7e-m+fp/hard\libc_nano.a(libc_a-nano-vfprintf.o)
                0x0800ec00                __sfputs_r
 .text._vfprintf_r
                0x0800ec24      0x230 C:/ST/STM32CubeIDE_1.17.0/STM32CubeIDE/plugins/com.st.stm32cube.ide.mcu.externaltools.gnu-tools-for-stm32.12.3.rel1.win32_1.1.0.202410251130/tools/bin/../lib/gcc/arm-none-eabi/12.3.1/../../../../arm-none-eabi/lib/thumb/v7e-m+fp/hard\libc_nano.a(libc_a-nano-vfprintf.o)
                0x0800ec24                _vfprintf_r
                0x0800ec24                _vfiprintf_r
 .text.__swbuf_r
                0x0800ee54       0x7c C:/ST/STM32CubeIDE_1.17.0/STM32CubeIDE/plugins/com.st.stm32cube.ide.mcu.externaltools.gnu-tools-for-stm32.12.3.rel1.win32_1.1.0.202410251130/tools/bin/../lib/gcc/arm-none-eabi/12.3.1/../../../../arm-none-eabi/lib/thumb/v7e-m+fp/hard\libc_nano.a(libc_a-wbuf.o)
                0x0800ee54                __swbuf_r
 .text.__swsetup_r
                0x0800eed0       0xac C:/ST/STM32CubeIDE_1.17.0/STM32CubeIDE/plugins/com.st.stm32cube.ide.mcu.externaltools.gnu-tools-for-stm32.12.3.rel1.win32_1.1.0.202410251130/tools/bin/../lib/gcc/arm-none-eabi/12.3.1/../../../../arm-none-eabi/lib/thumb/v7e-m+fp/hard\libc_nano.a(libc_a-wsetup.o)
                0x0800eed0                __swsetup_r
 .text._raise_r
                0x0800ef7c       0x50 C:/ST/STM32CubeIDE_1.17.0/STM32CubeIDE/plugins/com.st.stm32cube.ide.mcu.externaltools.gnu-tools-for-stm32.12.3.rel1.win32_1.1.0.202410251130/tools/bin/../lib/gcc/arm-none-eabi/12.3.1/../../../../arm-none-eabi/lib/thumb/v7e-m+fp/hard\libc_nano.a(libc_a-signal.o)
                0x0800ef7c                _raise_r
 .text.raise    0x0800efcc       0x10 C:/ST/STM32CubeIDE_1.17.0/STM32CubeIDE/plugins/com.st.stm32cube.ide.mcu.externaltools.gnu-tools-for-stm32.12.3.rel1.win32_1.1.0.202410251130/tools/bin/../lib/gcc/arm-none-eabi/12.3.1/../../../../arm-none-eabi/lib/thumb/v7e-m+fp/hard\libc_nano.a(libc_a-signal.o)
                0x0800efcc                raise
 .text._kill_r  0x0800efdc       0x24 C:/ST/STM32CubeIDE_1.17.0/STM32CubeIDE/plugins/com.st.stm32cube.ide.mcu.externaltools.gnu-tools-for-stm32.12.3.rel1.win32_1.1.0.202410251130/tools/bin/../lib/gcc/arm-none-eabi/12.3.1/../../../../arm-none-eabi/lib/thumb/v7e-m+fp/hard\libc_nano.a(libc_a-signalr.o)
                0x0800efdc                _kill_r
 .text._getpid_r
                0x0800f000        0x4 C:/ST/STM32CubeIDE_1.17.0/STM32CubeIDE/plugins/com.st.stm32cube.ide.mcu.externaltools.gnu-tools-for-stm32.12.3.rel1.win32_1.1.0.202410251130/tools/bin/../lib/gcc/arm-none-eabi/12.3.1/../../../../arm-none-eabi/lib/thumb/v7e-m+fp/hard\libc_nano.a(libc_a-signalr.o)
                0x0800f000                _getpid_r
 .text.__swhatbuf_r
                0x0800f004       0x4c C:/ST/STM32CubeIDE_1.17.0/STM32CubeIDE/plugins/com.st.stm32cube.ide.mcu.externaltools.gnu-tools-for-stm32.12.3.rel1.win32_1.1.0.202410251130/tools/bin/../lib/gcc/arm-none-eabi/12.3.1/../../../../arm-none-eabi/lib/thumb/v7e-m+fp/hard\libc_nano.a(libc_a-makebuf.o)
                0x0800f004                __swhatbuf_r
 .text.__smakebuf_r
                0x0800f050       0x78 C:/ST/STM32CubeIDE_1.17.0/STM32CubeIDE/plugins/com.st.stm32cube.ide.mcu.externaltools.gnu-tools-for-stm32.12.3.rel1.win32_1.1.0.202410251130/tools/bin/../lib/gcc/arm-none-eabi/12.3.1/../../../../arm-none-eabi/lib/thumb/v7e-m+fp/hard\libc_nano.a(libc_a-makebuf.o)
                0x0800f050                __smakebuf_r
 .text._fstat_r
                0x0800f0c8       0x24 C:/ST/STM32CubeIDE_1.17.0/STM32CubeIDE/plugins/com.st.stm32cube.ide.mcu.externaltools.gnu-tools-for-stm32.12.3.rel1.win32_1.1.0.202410251130/tools/bin/../lib/gcc/arm-none-eabi/12.3.1/../../../../arm-none-eabi/lib/thumb/v7e-m+fp/hard\libc_nano.a(libc_a-fstatr.o)
                0x0800f0c8                _fstat_r
 .text._isatty_r
                0x0800f0ec       0x20 C:/ST/STM32CubeIDE_1.17.0/STM32CubeIDE/plugins/com.st.stm32cube.ide.mcu.externaltools.gnu-tools-for-stm32.12.3.rel1.win32_1.1.0.202410251130/tools/bin/../lib/gcc/arm-none-eabi/12.3.1/../../../../arm-none-eabi/lib/thumb/v7e-m+fp/hard\libc_nano.a(libc_a-isattyr.o)
                0x0800f0ec                _isatty_r
 .text.powf     0x0800f10c       0xae C:/ST/STM32CubeIDE_1.17.0/STM32CubeIDE/plugins/com.st.stm32cube.ide.mcu.externaltools.gnu-tools-for-stm32.12.3.rel1.win32_1.1.0.202410251130/tools/bin/../lib/gcc/arm-none-eabi/12.3.1/../../../../arm-none-eabi/lib/thumb/v7e-m+fp/hard\libm.a(libm_a-wf_pow.o)
                0x0800f10c                powf
 .text.finitef  0x0800f1ba       0x14 C:/ST/STM32CubeIDE_1.17.0/STM32CubeIDE/plugins/com.st.stm32cube.ide.mcu.externaltools.gnu-tools-for-stm32.12.3.rel1.win32_1.1.0.202410251130/tools/bin/../lib/gcc/arm-none-eabi/12.3.1/../../../../arm-none-eabi/lib/thumb/v7e-m+fp/hard\libm.a(libm_a-sf_finite.o)
                0x0800f1ba                finitef
 *fill*         0x0800f1ce        0x2 
 .text.__ieee754_powf
                0x0800f1d0      0x5a0 C:/ST/STM32CubeIDE_1.17.0/STM32CubeIDE/plugins/com.st.stm32cube.ide.mcu.externaltools.gnu-tools-for-stm32.12.3.rel1.win32_1.1.0.202410251130/tools/bin/../lib/gcc/arm-none-eabi/12.3.1/../../../../arm-none-eabi/lib/thumb/v7e-m+fp/hard\libm.a(libm_a-ef_pow.o)
                0x0800f1d0                __ieee754_powf
 .text.fabsf    0x0800f770        0xe C:/ST/STM32CubeIDE_1.17.0/STM32CubeIDE/plugins/com.st.stm32cube.ide.mcu.externaltools.gnu-tools-for-stm32.12.3.rel1.win32_1.1.0.202410251130/tools/bin/../lib/gcc/arm-none-eabi/12.3.1/../../../../arm-none-eabi/lib/thumb/v7e-m+fp/hard\libm.a(libm_a-sf_fabs.o)
                0x0800f770                fabsf
 *fill*         0x0800f77e        0x2 
 .text.scalbnf  0x0800f780       0xcc C:/ST/STM32CubeIDE_1.17.0/STM32CubeIDE/plugins/com.st.stm32cube.ide.mcu.externaltools.gnu-tools-for-stm32.12.3.rel1.win32_1.1.0.202410251130/tools/bin/../lib/gcc/arm-none-eabi/12.3.1/../../../../arm-none-eabi/lib/thumb/v7e-m+fp/hard\libm.a(libm_a-sf_scalbn.o)
                0x0800f780                scalbnf
 .text.with_errnof
                0x0800f84c       0x1c C:/ST/STM32CubeIDE_1.17.0/STM32CubeIDE/plugins/com.st.stm32cube.ide.mcu.externaltools.gnu-tools-for-stm32.12.3.rel1.win32_1.1.0.202410251130/tools/bin/../lib/gcc/arm-none-eabi/12.3.1/../../../../arm-none-eabi/lib/thumb/v7e-m+fp/hard\libm.a(libm_a-math_errf.o)
 .text.xflowf   0x0800f868       0x16 C:/ST/STM32CubeIDE_1.17.0/STM32CubeIDE/plugins/com.st.stm32cube.ide.mcu.externaltools.gnu-tools-for-stm32.12.3.rel1.win32_1.1.0.202410251130/tools/bin/../lib/gcc/arm-none-eabi/12.3.1/../../../../arm-none-eabi/lib/thumb/v7e-m+fp/hard\libm.a(libm_a-math_errf.o)
 *fill*         0x0800f87e        0x2 
 .text.__math_uflowf
                0x0800f880        0xc C:/ST/STM32CubeIDE_1.17.0/STM32CubeIDE/plugins/com.st.stm32cube.ide.mcu.externaltools.gnu-tools-for-stm32.12.3.rel1.win32_1.1.0.202410251130/tools/bin/../lib/gcc/arm-none-eabi/12.3.1/../../../../arm-none-eabi/lib/thumb/v7e-m+fp/hard\libm.a(libm_a-math_errf.o)
                0x0800f880                __math_uflowf
 .text.__math_oflowf
                0x0800f88c        0xc C:/ST/STM32CubeIDE_1.17.0/STM32CubeIDE/plugins/com.st.stm32cube.ide.mcu.externaltools.gnu-tools-for-stm32.12.3.rel1.win32_1.1.0.202410251130/tools/bin/../lib/gcc/arm-none-eabi/12.3.1/../../../../arm-none-eabi/lib/thumb/v7e-m+fp/hard\libm.a(libm_a-math_errf.o)
                0x0800f88c                __math_oflowf
 .text.__ieee754_sqrtf
                0x0800f898        0x6 C:/ST/STM32CubeIDE_1.17.0/STM32CubeIDE/plugins/com.st.stm32cube.ide.mcu.externaltools.gnu-tools-for-stm32.12.3.rel1.win32_1.1.0.202410251130/tools/bin/../lib/gcc/arm-none-eabi/12.3.1/../../../../arm-none-eabi/lib/thumb/v7e-m+fp/hard\libm.a(libm_a-ef_sqrt.o)
                0x0800f898                __ieee754_sqrtf
 *(.glue_7)
 .glue_7        0x0800f89e        0x0 linker stubs
 *(.glue_7t)
 .glue_7t       0x0800f89e        0x0 linker stubs
 *(.eh_frame)
 *fill*         0x0800f89e        0x2 
 .eh_frame      0x0800f8a0        0x0 C:/ST/STM32CubeIDE_1.17.0/STM32CubeIDE/plugins/com.st.stm32cube.ide.mcu.externaltools.gnu-tools-for-stm32.12.3.rel1.win32_1.1.0.202410251130/tools/bin/../lib/gcc/arm-none-eabi/12.3.1/thumb/v7e-m+fp/hard/crtbegin.o
 *(.init)
 .init          0x0800f8a0        0x4 C:/ST/STM32CubeIDE_1.17.0/STM32CubeIDE/plugins/com.st.stm32cube.ide.mcu.externaltools.gnu-tools-for-stm32.12.3.rel1.win32_1.1.0.202410251130/tools/bin/../lib/gcc/arm-none-eabi/12.3.1/thumb/v7e-m+fp/hard/crti.o
                0x0800f8a0                _init
 .init          0x0800f8a4        0x8 C:/ST/STM32CubeIDE_1.17.0/STM32CubeIDE/plugins/com.st.stm32cube.ide.mcu.externaltools.gnu-tools-for-stm32.12.3.rel1.win32_1.1.0.202410251130/tools/bin/../lib/gcc/arm-none-eabi/12.3.1/thumb/v7e-m+fp/hard/crtn.o
 *(.fini)
 .fini          0x0800f8ac        0x4 C:/ST/STM32CubeIDE_1.17.0/STM32CubeIDE/plugins/com.st.stm32cube.ide.mcu.externaltools.gnu-tools-for-stm32.12.3.rel1.win32_1.1.0.202410251130/tools/bin/../lib/gcc/arm-none-eabi/12.3.1/thumb/v7e-m+fp/hard/crti.o
                0x0800f8ac                _fini
 .fini          0x0800f8b0        0x8 C:/ST/STM32CubeIDE_1.17.0/STM32CubeIDE/plugins/com.st.stm32cube.ide.mcu.externaltools.gnu-tools-for-stm32.12.3.rel1.win32_1.1.0.202410251130/tools/bin/../lib/gcc/arm-none-eabi/12.3.1/thumb/v7e-m+fp/hard/crtn.o
                0x0800f8b8                        . = ALIGN (0x4)
                0x0800f8b8                        _etext = .

.vfp11_veneer   0x0800f8b8        0x0
 .vfp11_veneer  0x0800f8b8        0x0 linker stubs

.v4_bx          0x0800f8b8        0x0
 .v4_bx         0x0800f8b8        0x0 linker stubs

.iplt           0x0800f8b8        0x0
 .iplt          0x0800f8b8        0x0 C:/ST/STM32CubeIDE_1.17.0/STM32CubeIDE/plugins/com.st.stm32cube.ide.mcu.externaltools.gnu-tools-for-stm32.12.3.rel1.win32_1.1.0.202410251130/tools/bin/../lib/gcc/arm-none-eabi/12.3.1/thumb/v7e-m+fp/hard/crtbegin.o

.rodata         0x0800f8b8      0x6c8
                0x0800f8b8                        . = ALIGN (0x4)
 *(.rodata)
 .rodata        0x0800f8b8      0x16f ./Core/Src/main.o
 *fill*         0x0800fa27        0x1 
 .rodata        0x0800fa28        0x5 ./Middlewares/Third_Party/FreeRTOS/Source/tasks.o
 *fill*         0x0800fa2d        0x3 
 .rodata        0x0800fa30        0xd ./Middlewares/Third_Party/FreeRTOS/Source/timers.o
 *(.rodata*)
 *fill*         0x0800fa3d        0x3 
 .rodata.CoMeasureTask_attributes
                0x0800fa40       0x24 ./Core/Src/main.o
                0x0800fa40                CoMeasureTask_attributes
 .rodata.WeatherTask_attributes
                0x0800fa64       0x24 ./Core/Src/main.o
                0x0800fa64                WeatherTask_attributes
 .rodata.Speaker_attributes
                0x0800fa88       0x24 ./Core/Src/main.o
                0x0800fa88                Speaker_attributes
 .rodata.FanTask_attributes
                0x0800faac       0x24 ./Core/Src/main.o
                0x0800faac                FanTask_attributes
 .rodata.UartCommand_attributes
                0x0800fad0       0x24 ./Core/Src/main.o
                0x0800fad0                UartCommand_attributes
 .rodata.UartDisplay_attributes
                0x0800faf4       0x24 ./Core/Src/main.o
                0x0800faf4                UartDisplay_attributes
 .rodata.WatchdogTask_attributes
                0x0800fb18       0x24 ./Core/Src/main.o
                0x0800fb18                WatchdogTask_attributes
 .rodata.queue_r0_attributes
                0x0800fb3c       0x18 ./Core/Src/main.o
                0x0800fb3c                queue_r0_attributes
 .rodata.queue_pr_attributes
                0x0800fb54       0x18 ./Core/Src/main.o
                0x0800fb54                queue_pr_attributes
 .rodata.queue_co_attributes
                0x0800fb6c       0x18 ./Core/Src/main.o
                0x0800fb6c                queue_co_attributes
 .rodata.uartCommandQueue_attributes
                0x0800fb84       0x18 ./Core/Src/main.o
                0x0800fb84                uartCommandQueue_attributes
 .rodata.queue_watchdog_attributes
                0x0800fb9c       0x18 ./Core/Src/main.o
                0x0800fb9c                queue_watchdog_attributes