../Core/Src/main.c:200:5:main	16	static
../Core/Src/main.c:331:6:SystemClock_Config	88	static
../Core/Src/main.c:378:13:MX_ADC1_Init	24	static
../Core/Src/main.c:430:13:MX_I2C3_Init	8	static
../Core/Src/main.c:464:13:MX_TIM1_Init	96	static
../Core/Src/main.c:539:13:MX_TIM2_Init	64	static
../Core/Src/main.c:598:13:MX_USART2_UART_Init	8	static
../Core/Src/main.c:629:13:MX_DMA_Init	16	static
../Core/Src/main.c:647:13:MX_GPIO_Init	48	static
../Core/Src/main.c:686:5:uart_tx_enqueue	24	static
../Core/Src/main.c:700:6:uart_start_tx_dma	8	static
../Core/Src/main.c:719:6:Speaker_Beep	16	static
../Core/Src/main.c:727:6:fan_rotating	16	static
../Core/Src/main.c:738:6:fan_stop	4	static
../Core/Src/main.c:744:6:HAL_UART_RxCpltCallback	16	static
../Core/Src/main.c:751:6:HAL_UART_TxCpltCallback	16	static
../Core/Src/main.c:785:6:co_measure_task	168	static
../Core/Src/main.c:861:6:weather_task	16	static
../Core/Src/main.c:896:6:speaker_alarm_task	16	static
../Core/Src/main.c:918:6:fan_task	16	static
../Core/Src/main.c:962:6:uart_command_task	24	static
../Core/Src/main.c:1001:6:uart_display_task	104	static
../Core/Src/main.c:1067:6:watch_dog_task	40	static
../Core/Src/main.c:1125:6:HAL_TIM_PeriodElapsedCallback	16	static
../Core/Src/main.c:1142:6:Error_Handler	4	static,ignoring_inline_asm
