../Core/Src/main.c:185:5:main	16	static
../Core/Src/main.c:313:6:SystemClock_Config	88	static
../Core/Src/main.c:360:13:MX_ADC1_Init	24	static
../Core/Src/main.c:412:13:MX_I2C3_Init	8	static
../Core/Src/main.c:446:13:MX_TIM1_Init	96	static
../Core/Src/main.c:521:13:MX_TIM2_Init	64	static
../Core/Src/main.c:580:13:MX_USART2_UART_Init	8	static
../Core/Src/main.c:611:13:MX_DMA_Init	16	static
../Core/Src/main.c:629:13:MX_GPIO_Init	48	static
../Core/Src/main.c:667:6:Speaker_Beep	16	static
../Core/Src/main.c:675:6:fan_rotating	16	static
../Core/Src/main.c:686:6:fan_stop	4	static
../Core/Src/main.c:692:6:HAL_UART_RxCpltCallback	16	static
../Core/Src/main.c:709:6:co_measure_task	176	static
../Core/Src/main.c:782:6:weather_task	16	static
../Core/Src/main.c:817:6:speaker_alarm_task	16	static
../Core/Src/main.c:839:6:fan_task	16	static
../Core/Src/main.c:879:6:uart_command_task	24	static
../Core/Src/main.c:914:6:uart_display_task	104	static
../Core/Src/main.c:966:6:watch_dog_task	40	static
../Core/Src/main.c:1024:6:HAL_TIM_PeriodElapsedCallback	16	static
../Core/Src/main.c:1041:6:Error_Handler	4	static,ignoring_inline_asm
