18:55:44 **** Incremental Build of configuration Debug for project muvr ****
make -j8 all 
arm-none-eabi-gcc "../Core/Src/main.c" -mcpu=cortex-m4 -std=gnu11 -g3 -DDEBUG -DUSE_HAL_DRIVER -DSTM32F407xx -c -I../Core/Inc -I../Drivers/STM32F4xx_HAL_Driver/Inc -I../Drivers/STM32F4xx_HAL_Driver/Inc/Legacy -I../Drivers/CMSIS/Device/ST/STM32F4xx/Include -I../Drivers/CMSIS/Include -I../Middlewares/Third_Party/FreeRTOS/Source/include -I../Middlewares/Third_Party/FreeRTOS/Source/CMSIS_RTOS_V2 -I../Middlewares/Third_Party/FreeRTOS/Source/portable/GCC/ARM_CM4F -O0 -ffunction-sections -fdata-sections -Wall -fstack-usage -fcyclomatic-complexity -MMD -MP -MF"Core/Src/main.d" -MT"Core/Src/main.o" --specs=nano.specs -mfpu=fpv4-sp-d16 -mfloat-abi=hard -mthumb -o "Core/Src/main.o"
arm-none-eabi-gcc -o "muvr.elf" @"objects.list"   -mcpu=cortex-m4 -T"C:\Users\danilo\Desktop\PROJEKAT MUVR DANILO TAMINDZIJA\muvr\STM32F407VGTX_FLASH.ld" --specs=nosys.specs -Wl,-Map="muvr.map" -Wl,--gc-sections -static -u _printf_float --specs=nano.specs -mfpu=fpv4-sp-d16 -mfloat-abi=hard -mthumb -Wl,--start-group -lc -lm -Wl,--end-group
Finished building target: muvr.elf
 
arm-none-eabi-size  muvr.elf 
arm-none-eabi-objdump -h -S muvr.elf  > "muvr.list"
   text	   data	    bss	    dec	    hex	filename
  65416	    472	  21504	  87392	  15560	muvr.elf
Finished building: default.size.stdout
 
Finished building: muvr.list
 
18:55:57 **** Incremental Build of configuration Debug for project muvr ****
make -j8 all 
arm-none-eabi-size  muvr.elf 
   text	   data	    bss	    dec	    hex	filename
  65416	    472	  21504	  87392	  15560	muvr.elf
Finished building: default.size.stdout
 
18:56:33 **** Incremental Build of configuration Debug for project muvr ****
make -j8 all 
arm-none-eabi-size  muvr.elf 
   text	   data	    bss	    dec	    hex	filename
  65416	    472	  21504	  87392	  15560	muvr.elf
Finished building: default.size.stdout
 
19:00:48 **** Incremental Build of configuration Debug for project muvr ****
make -j8 all 
arm-none-eabi-gcc "../Core/Src/main.c" -mcpu=cortex-m4 -std=gnu11 -g3 -DDEBUG -DUSE_HAL_DRIVER -DSTM32F407xx -c -I../Core/Inc -I../Drivers/STM32F4xx_HAL_Driver/Inc -I../Drivers/STM32F4xx_HAL_Driver/Inc/Legacy -I../Drivers/CMSIS/Device/ST/STM32F4xx/Include -I../Drivers/CMSIS/Include -I../Middlewares/Third_Party/FreeRTOS/Source/include -I../Middlewares/Third_Party/FreeRTOS/Source/CMSIS_RTOS_V2 -I../Middlewares/Third_Party/FreeRTOS/Source/portable/GCC/ARM_CM4F -O0 -ffunction-sections -fdata-sections -Wall -fstack-usage -fcyclomatic-complexity -MMD -MP -MF"Core/Src/main.d" -MT"Core/Src/main.o" --specs=nano.specs -mfpu=fpv4-sp-d16 -mfloat-abi=hard -mthumb -o "Core/Src/main.o"
arm-none-eabi-gcc -o "muvr.elf" @"objects.list"   -mcpu=cortex-m4 -T"C:\Users\danilo\Desktop\PROJEKAT MUVR DANILO TAMINDZIJA\muvr\STM32F407VGTX_FLASH.ld" --specs=nosys.specs -Wl,-Map="muvr.map" -Wl,--gc-sections -static -u _printf_float --specs=nano.specs -mfpu=fpv4-sp-d16 -mfloat-abi=hard -mthumb -Wl,--start-group -lc -lm -Wl,--end-group
Finished building target: muvr.elf
 
arm-none-eabi-size  muvr.elf 
arm-none-eabi-objdump -h -S muvr.elf  > "muvr.list"
   text	   data	    bss	    dec	    hex	filename
  65416	    472	  21504	  87392	  15560	muvr.elf
Finished building: default.size.stdout
 
Finished building: muvr.list
 
