10:46:37 **** Build of configuration Debug for project muvr ****
make -j8 all 
arm-none-eabi-gcc -o "muvr.elf" @"objects.list"   -mcpu=cortex-m4 -T"C:\Users\danilo\Desktop\PROJEKAT MUVR DANILO TAMINDZIJA\muvr\STM32F407VGTX_FLASH.ld" --specs=nosys.specs -Wl,-Map="muvr.map" -Wl,--gc-sections -static -u _printf_float --specs=nano.specs -mfpu=fpv4-sp-d16 -mfloat-abi=hard -mthumb -Wl,--start-group -lc -lm -Wl,--end-group
Finished building target: muvr.elf
 
arm-none-eabi-size  muvr.elf 
arm-none-eabi-objdump -h -S muvr.elf  > "muvr.list"
   text	   data	    bss	    dec	    hex	filename
  66896	    472	  21768	  89136	  15c30	muvr.elf
Finished building: default.size.stdout
 
Finished building: muvr.list
 
arm-none-eabi-objcopy -O binary "muvr.elf" "C:/Users/danilo/Desktop/PROJEKAT MUVR DANILO TAMINDZIJA/muvr/user_app.bin"
 
10:47:33 **** Incremental Build of configuration Debug for project muvr ****
make -j8 all 
arm-none-eabi-size  muvr.elf 
   text	   data	    bss	    dec	    hex	filename
  66896	    472	  21768	  89136	  15c30	muvr.elf
Finished building: default.size.stdout
 
arm-none-eabi-objcopy -O binary "muvr.elf" "C:/Users/danilo/Desktop/PROJEKAT MUVR DANILO TAMINDZIJA/muvr/user_app.bin"
 
